<html>
<body>
<pre>
<h1>µVision Build Log</h1>
<h2>Tool Versions:</h2>
IDE-Version: µVision V5.15
Copyright (C) 2015 ARM Ltd and ARM Germany GmbH. All rights reserved.
License Information: Anders Strand, Nordic Semiconductor, LIC=9N049-NWMJQ-C6FU2-7EGSY-VUYXZ-SS4W9
 
Tool Versions:
Toolchain:       MDK-ARM Professional  Version: 5.15.0
Toolchain Path:  C:\Keil_v5\ARM\ARMCC\Bin
C Compiler:      Armcc.exe V5.05 update 2 (build 169)
Assembler:       Armasm.exe V5.05 update 2 (build 169)
Linker/Locator:  ArmLink.exe V5.05 update 2 (build 169)
Library Manager: ArmAr.exe V5.05 update 2 (build 169)
Hex Converter:   FromElf.exe V5.05 update 2 (build 169)
CPU DLL:         
Dialog DLL:      
Target DLL:      Segger\JL2CM3.dll V2.99.15.0
Dialog DLL:      TARMCM1.DLL V1.9.0.0
 
<h2>Project:</h2>
C:\nRF51_SDK\examples\ble_central\ble_app_uart_c_NEW\pca10028\s130\arm5_no_packs\ble_app_uart_c_s130_pca10028.uvprojx
Project File Date:  10/23/2015

<h2>Output:</h2>
*** Using Compiler 'V5.05 update 2 (build 169)', folder: 'C:\Keil_v5\ARM\ARMCC\Bin'
Build target 'nrf51422_xxac_s120'
compiling main.c...
compiling bsp.c...
compiling ble_db_discovery.c...
compiling ble_srv_common.c...
compiling device_manager_central.c...
compiling ble_uart_c.c...
compiling app_uart_fifo.c...
compiling nrf_delay.c...
compiling pstorage.c...
compiling nrf_drv_gpiote.c...
compiling nrf_drv_common.c...
compiling app_button.c...
compiling app_error.c...
compiling app_fifo.c...
compiling app_timer.c...
compiling app_trace.c...
compiling nrf_assert.c...
compiling retarget.c...
compiling softdevice_handler.c...
assembling arm_startup_nrf51.s...
compiling system_nrf51.c...
linking...
Program Size: Code=24096 RO-data=576 RW-data=280 ZI-data=4864  
FromELF: creating hex file...
".\_build\nrf51422_xxac_s120.axf" - 0 Error(s), 0 Warning(s).

<h2>Software Packages used:</h2>

Package Vendor: ARM
                http://www.keil.com/pack/ARM.CMSIS.4.3.0.pack
                ARM::CMSIS:CORE:4.1.0
                CMSIS (Cortex Microcontroller Software Interface Standard)
   * Component: CORE Version: 4.1.0

Package Vendor: NordicSemiconductor
                http://developer.nordicsemi.com/nRF51_SDK/pieces/nRF_DeviceFamilyPack/NordicSemiconductor.nRF_DeviceFamilyPack.8.0.3.pack
                NordicSemiconductor::Device:Startup:8.0.3
                Nordic Semiconductor nRF ARM devices Device Family Pack.
   * Component: Startup Version: 8.0.3

<h2>Collection of Component include folders:</h2>
  C:\nRF51_SDK\examples\ble_central\ble_app_uart_c_NEW\pca10028\s130\arm5_no_packs\RTE
  C:\Keil_v5\ARM\PACK\ARM\CMSIS\4.3.0\CMSIS\Include
  C:\Keil_v5\ARM\PACK\NordicSemiconductor\nRF_DeviceFamilyPack\8.0.3\Device\Include

<h2>Collection of Component Files used:</h2>

   * Component: ARM::CMSIS:CORE:4.1.0

   * Component: NordicSemiconductor::Device:Startup:8.0.3
      Source file:   Device\Source\arm\arm_startup_nrf51.s
      Source file:   Device\Source\system_nrf51.c
      Include file:  Device\Include\system_nrf51.h
</pre>
</body>
</html>
