Component: ARM Compiler 5.05 update 2 (build 169) Tool: armlink [4d0f33]

==============================================================================

Section Cross References

    main.o(i.assert_nrf_callback) refers to app_error.o(i.app_error_handler) for app_error_handler
    main.o(i.ble_evt_dispatch) refers to device_manager_central.o(i.dm_ble_evt_handler) for dm_ble_evt_handler
    main.o(i.ble_evt_dispatch) refers to ble_db_discovery.o(i.ble_db_discovery_on_ble_evt) for ble_db_discovery_on_ble_evt
    main.o(i.ble_evt_dispatch) refers to ble_uart_c.o(i.ble_uart_c_on_ble_evt) for ble_uart_c_on_ble_evt
    main.o(i.ble_evt_dispatch) refers to main.o(i.on_ble_evt) for on_ble_evt
    main.o(i.ble_evt_dispatch) refers to main.o(.bss) for m_ble_db_discovery
    main.o(i.ble_stack_init) refers to softdevice_handler.o(i.softdevice_handler_init) for softdevice_handler_init
    main.o(i.ble_stack_init) refers to app_error.o(i.app_error_handler) for app_error_handler
    main.o(i.ble_stack_init) refers to softdevice_handler.o(i.softdevice_ble_evt_handler_set) for softdevice_ble_evt_handler_set
    main.o(i.ble_stack_init) refers to softdevice_handler.o(i.softdevice_sys_evt_handler_set) for softdevice_sys_evt_handler_set
    main.o(i.ble_stack_init) refers to main.o(.bss) for BLE_EVT_BUFFER
    main.o(i.ble_stack_init) refers to main.o(i.ble_evt_dispatch) for ble_evt_dispatch
    main.o(i.ble_stack_init) refers to main.o(i.sys_evt_dispatch) for sys_evt_dispatch
    main.o(i.db_discovery_init) refers to ble_db_discovery.o(i.ble_db_discovery_init) for ble_db_discovery_init
    main.o(i.db_discovery_init) refers to app_error.o(i.app_error_handler) for app_error_handler
    main.o(i.device_manager_event_handler) refers to main.o(i.nrf_gpio_pin_set) for nrf_gpio_pin_set
    main.o(i.device_manager_event_handler) refers to printf1.o(i.__0printf$1) for __2printf
    main.o(i.device_manager_event_handler) refers to memcpya.o(.text) for __aeabi_memcpy
    main.o(i.device_manager_event_handler) refers to ble_db_discovery.o(i.ble_db_discovery_start) for ble_db_discovery_start
    main.o(i.device_manager_event_handler) refers to app_error.o(i.app_error_handler) for app_error_handler
    main.o(i.device_manager_event_handler) refers to main.o(i.scan_start) for scan_start
    main.o(i.device_manager_event_handler) refers to memseta.o(.text) for __aeabi_memclr
    main.o(i.device_manager_event_handler) refers to main.o(i.nrf_gpio_pin_clear) for nrf_gpio_pin_clear
    main.o(i.device_manager_event_handler) refers to device_manager_central.o(i.dm_security_setup_req) for dm_security_setup_req
    main.o(i.device_manager_event_handler) refers to ble_uart_c.o(i.ble_uart_c_rx_notif_enable) for ble_uart_c_rx_notif_enable
    main.o(i.device_manager_event_handler) refers to main.o(.data) for m_dm_device_handle
    main.o(i.device_manager_event_handler) refers to main.o(.bss) for m_ble_db_discovery
    main.o(i.device_manager_init) refers to pstorage.o(i.pstorage_init) for pstorage_init
    main.o(i.device_manager_init) refers to app_error.o(i.app_error_handler) for app_error_handler
    main.o(i.device_manager_init) refers to device_manager_central.o(i.dm_init) for dm_init
    main.o(i.device_manager_init) refers to memseta.o(.text) for __aeabi_memclr
    main.o(i.device_manager_init) refers to device_manager_central.o(i.dm_register) for dm_register
    main.o(i.device_manager_init) refers to main.o(i.device_manager_event_handler) for device_manager_event_handler
    main.o(i.device_manager_init) refers to main.o(.data) for m_dm_app_id
    main.o(i.leds_init) refers to main.o(i.nrf_gpio_cfg_output) for nrf_gpio_cfg_output
    main.o(i.main) refers to app_timer.o(i.app_timer_init) for app_timer_init
    main.o(i.main) refers to app_error.o(i.app_error_handler) for app_error_handler
    main.o(i.main) refers to bsp.o(i.bsp_init) for bsp_init
    main.o(i.main) refers to main.o(i.leds_init) for leds_init
    main.o(i.main) refers to main.o(i.timers_init) for timers_init
    main.o(i.main) refers to main.o(i.uart_init) for uart_init
    main.o(i.main) refers to main.o(i.ble_stack_init) for ble_stack_init
    main.o(i.main) refers to main.o(i.device_manager_init) for device_manager_init
    main.o(i.main) refers to main.o(i.db_discovery_init) for db_discovery_init
    main.o(i.main) refers to main.o(i.uart_c_init) for uart_c_init
    main.o(i.main) refers to printf1.o(i.__0printf$1) for __2printf
    main.o(i.main) refers to main.o(i.scan_start) for scan_start
    main.o(i.main) refers to main.o(i.power_manage) for power_manage
    main.o(i.main) refers to main.o(.bss) for APP_TIMER_BUF
    main.o(i.on_ble_evt) refers to main.o(i.adv_report_parse) for adv_report_parse
    main.o(i.on_ble_evt) refers to memcmp.o(.text) for memcmp
    main.o(i.on_ble_evt) refers to printf1.o(i.__0printf$1) for __2printf
    main.o(i.on_ble_evt) refers to main.o(i.nrf_gpio_pin_clear) for nrf_gpio_pin_clear
[...]
    flash_page_erase                         0x0001f541   Thumb Code    16  pstorage.o(i.flash_page_erase)
    i.flash_write                            0x0001f550   Section        0  pstorage.o(i.flash_write)
    flash_write                              0x0001f551   Thumb Code    24  pstorage.o(i.flash_write)
    i.fputc                                  0x0001f568   Section        0  retarget.o(i.fputc)
    i.gattc_context_apply                    0x0001f578   Section        0  device_manager_central.o(i.gattc_context_apply)
    gattc_context_apply                      0x0001f579   Thumb Code     6  device_manager_central.o(i.gattc_context_apply)
    i.gattc_context_load                     0x0001f57e   Section        0  device_manager_central.o(i.gattc_context_load)
    gattc_context_load                       0x0001f57f   Thumb Code     6  device_manager_central.o(i.gattc_context_load)
    i.gattc_context_store                    0x0001f584   Section        0  device_manager_central.o(i.gattc_context_store)
    gattc_context_store                      0x0001f585   Thumb Code     6  device_manager_central.o(i.gattc_context_store)
    i.gatts_context_apply                    0x0001f58c   Section        0  device_manager_central.o(i.gatts_context_apply)
    gatts_context_apply                      0x0001f58d   Thumb Code   118  device_manager_central.o(i.gatts_context_apply)
    i.gatts_context_load                     0x0001f610   Section        0  device_manager_central.o(i.gatts_context_load)
    gatts_context_load                       0x0001f611   Thumb Code    64  device_manager_central.o(i.gatts_context_load)
    i.gatts_context_store                    0x0001f654   Section        0  device_manager_central.o(i.gatts_context_store)
    gatts_context_store                      0x0001f655   Thumb Code   180  device_manager_central.o(i.gatts_context_store)
    i.gattsc_context_apply                   0x0001f718   Section        0  device_manager_central.o(i.gattsc_context_apply)
    gattsc_context_apply                     0x0001f719   Thumb Code    26  device_manager_central.o(i.gattsc_context_apply)
    i.gattsc_context_load                    0x0001f732   Section        0  device_manager_central.o(i.gattsc_context_load)
    gattsc_context_load                      0x0001f733   Thumb Code    30  device_manager_central.o(i.gattsc_context_load)
    i.gattsc_context_store                   0x0001f750   Section        0  device_manager_central.o(i.gattsc_context_store)
    gattsc_context_store                     0x0001f751   Thumb Code    30  device_manager_central.o(i.gattsc_context_store)
    i.gpiote_event_handler                   0x0001f770   Section        0  app_button.o(i.gpiote_event_handler)
    gpiote_event_handler                     0x0001f771   Thumb Code   112  app_button.o(i.gpiote_event_handler)
    i.gpiote_uart_event_handler              0x0001f7f0   Section        0  app_uart_fifo.o(i.gpiote_uart_event_handler)
    gpiote_uart_event_handler                0x0001f7f1   Thumb Code    32  app_uart_fifo.o(i.gpiote_uart_event_handler)
    i.head_restore_state_run                 0x0001f810   Section        0  pstorage.o(i.head_restore_state_run)
    head_restore_state_run                   0x0001f811   Thumb Code    98  pstorage.o(i.head_restore_state_run)
    i.initiate_security_request              0x0001f880   Section        0  device_manager_central.o(i.initiate_security_request)
    i.intern_softdevice_events_execute       0x0001f904   Section        0  softdevice_handler.o(i.intern_softdevice_events_execute)
    i.is_char_discovery_reqd                 0x0001f9c4   Section        0  ble_db_discovery.o(i.is_char_discovery_reqd)
    is_char_discovery_reqd                   0x0001f9c5   Thumb Code    30  ble_db_discovery.o(i.is_char_discovery_reqd)
    i.is_desc_discovery_reqd                 0x0001f9e2   Section        0  ble_db_discovery.o(i.is_desc_discovery_reqd)
    is_desc_discovery_reqd                   0x0001f9e3   Thumb Code    84  ble_db_discovery.o(i.is_desc_discovery_reqd)
    i.is_disabled_in_debug_needed            0x0001fa38   Section        0  system_nrf51.o(i.is_disabled_in_debug_needed)
    is_disabled_in_debug_needed              0x0001fa39   Thumb Code    52  system_nrf51.o(i.is_disabled_in_debug_needed)
    i.is_manual_peripheral_setup_needed      0x0001fa70   Section        0  system_nrf51.o(i.is_manual_peripheral_setup_needed)
    is_manual_peripheral_setup_needed        0x0001fa71   Thumb Code   104  system_nrf51.o(i.is_manual_peripheral_setup_needed)
    i.is_page_erase_required                 0x0001fadc   Section        0  pstorage.o(i.is_page_erase_required)
    is_page_erase_required                   0x0001fadd   Thumb Code    76  pstorage.o(i.is_page_erase_required)
    i.is_tail_data_page_swap_required        0x0001fb34   Section        0  pstorage.o(i.is_tail_data_page_swap_required)
    is_tail_data_page_swap_required          0x0001fb35   Thumb Code    68  pstorage.o(i.is_tail_data_page_swap_required)
    i.is_word_aligned                        0x0001fb84   Section        0  pstorage.o(i.is_word_aligned)
    is_word_aligned                          0x0001fb85   Thumb Code    18  pstorage.o(i.is_word_aligned)
    i.leds_init                              0x0001fb96   Section        0  main.o(i.leds_init)
    leds_init                                0x0001fb97   Thumb Code    22  main.o(i.leds_init)
    i.leds_timer_handler                     0x0001fbac   Section        0  bsp.o(i.leds_timer_handler)
    leds_timer_handler                       0x0001fbad   Thumb Code    26  bsp.o(i.leds_timer_handler)
    i.list_deletions_handler                 0x0001fbd0   Section        0  app_timer.o(i.list_deletions_handler)
    list_deletions_handler                   0x0001fbd1   Thumb Code   176  app_timer.o(i.list_deletions_handler)
    i.list_insertions_handler                0x0001fc90   Section        0  app_timer.o(i.list_insertions_handler)
    list_insertions_handler                  0x0001fc91   Thumb Code   276  app_timer.o(i.list_insertions_handler)
    i.main                                   0x0001fdc0   Section        0  main.o(i.main)
    i.main_state_err_busy_process            0x0001fe70   Section        0  pstorage.o(i.main_state_err_busy_process)
    main_state_err_busy_process              0x0001fe71   Thumb Code    24  pstorage.o(i.main_state_err_busy_process)
    i.no_service_context_apply               0x0001fe90   Section        0  device_manager_central.o(i.no_service_context_apply)
    no_service_context_apply                 0x0001fe91   Thumb Code     6  device_manager_central.o(i.no_service_context_apply)
    i.no_service_context_load                0x0001fe96   Section        0  device_manager_central.o(i.no_service_context_load)
    no_service_context_load                  0x0001fe97   Thumb Code     6  device_manager_central.o(i.no_service_context_load)
    i.no_service_context_store               0x0001fe9c   Section        0  device_manager_central.o(i.no_service_context_store)
    no_service_context_store                 0x0001fe9d   Thumb Code     6  device_manager_central.o(i.no_service_context_store)
    i.nrf_drv_common_irq_enable              0x0001fea4   Section        0  nrf_drv_common.o(i.nrf_drv_common_irq_enable)
    i.nrf_drv_gpiote_in_event_enable         0x0001fedc   Section        0  nrf_drv_gpiote.o(i.nrf_drv_gpiote_in_event_enable)
    i.nrf_drv_gpiote_in_init                 0x0001ffa4   Section        0  nrf_drv_gpiote.o(i.nrf_drv_gpiote_in_init)
    i.nrf_drv_gpiote_in_is_set               0x00020098   Section        0  nrf_drv_gpiote.o(i.nrf_drv_gpiote_in_is_set)
    i.nrf_drv_gpiote_init                    0x000200b8   Section        0  nrf_drv_gpiote.o(i.nrf_drv_gpiote_init)
    i.nrf_drv_gpiote_is_init                 0x00020108   Section        0  nrf_drv_gpiote.o(i.nrf_drv_gpiote_is_init)
    i.nrf_drv_gpiote_out_init                0x0002011c   Section        0  nrf_drv_gpiote.o(i.nrf_drv_gpiote_out_init)
    i.nrf_gpio_cfg_output                    0x0002020c   Section        0  main.o(i.nrf_gpio_cfg_output)
    nrf_gpio_cfg_output                      0x0002020d   Thumb Code    18  main.o(i.nrf_gpio_cfg_output)
    i.nrf_gpio_cfg_sense_set                 0x0002021e   Section        0  nrf_drv_gpiote.o(i.nrf_gpio_cfg_sense_set)
    nrf_gpio_cfg_sense_set                   0x0002021f   Thumb Code    70  nrf_drv_gpiote.o(i.nrf_gpio_cfg_sense_set)
    i.nrf_gpio_pin_clear                     0x00020264   Section        0  main.o(i.nrf_gpio_pin_clear)
    nrf_gpio_pin_clear                       0x00020265   Thumb Code    10  main.o(i.nrf_gpio_pin_clear)
    i.nrf_gpio_pin_clear                     0x00020274   Section        0  nrf_drv_gpiote.o(i.nrf_gpio_pin_clear)
    nrf_gpio_pin_clear                       0x00020275   Thumb Code    10  nrf_drv_gpiote.o(i.nrf_gpio_pin_clear)
    i.nrf_gpio_pin_set                       0x00020284   Section        0  main.o(i.nrf_gpio_pin_set)
    nrf_gpio_pin_set                         0x00020285   Thumb Code    10  main.o(i.nrf_gpio_pin_set)
    i.nrf_gpio_pin_set                       0x00020294   Section        0  nrf_drv_gpiote.o(i.nrf_gpio_pin_set)
    nrf_gpio_pin_set                         0x00020295   Thumb Code    10  nrf_drv_gpiote.o(i.nrf_gpio_pin_set)
    i.nrf_gpiote_event_addr_get              0x000202a4   Section        0  nrf_drv_gpiote.o(i.nrf_gpiote_event_addr_get)
    nrf_gpiote_event_addr_get                0x000202a5   Thumb Code     8  nrf_drv_gpiote.o(i.nrf_gpiote_event_addr_get)
    i.nrf_gpiote_event_clear                 0x000202b0   Section        0  nrf_drv_gpiote.o(i.nrf_gpiote_event_clear)
    nrf_gpiote_event_clear                   0x000202b1   Thumb Code    16  nrf_drv_gpiote.o(i.nrf_gpiote_event_clear)
    i.nrf_gpiote_event_is_set                0x000202c0   Section        0  nrf_drv_gpiote.o(i.nrf_gpiote_event_is_set)
    nrf_gpiote_event_is_set                  0x000202c1   Thumb Code    22  nrf_drv_gpiote.o(i.nrf_gpiote_event_is_set)
    i.nrf_gpiote_int_enable                  0x000202d8   Section        0  nrf_drv_gpiote.o(i.nrf_gpiote_int_enable)
    nrf_gpiote_int_enable                    0x000202d9   Thumb Code     6  nrf_drv_gpiote.o(i.nrf_gpiote_int_enable)
    i.on_ble_evt                             0x000202e4   Section        0  main.o(i.on_ble_evt)
    on_ble_evt                               0x000202e5   Thumb Code   216  main.o(i.on_ble_evt)
    i.on_characteristic_discovery_rsp        0x00020434   Section        0  ble_db_discovery.o(i.on_characteristic_discovery_rsp)
    on_characteristic_discovery_rsp          0x00020435   Thumb Code   278  ble_db_discovery.o(i.on_characteristic_discovery_rsp)
    i.on_cts_high                            0x0002054c   Section        0  app_uart_fifo.o(i.on_cts_high)
    on_cts_high                              0x0002054d   Thumb Code    36  app_uart_fifo.o(i.on_cts_high)
    i.on_cts_low                             0x00020574   Section        0  app_uart_fifo.o(i.on_cts_low)
    on_cts_low                               0x00020575   Thumb Code    66  app_uart_fifo.o(i.on_cts_low)
    i.on_descriptor_discovery_rsp            0x000205c8   Section        0  ble_db_discovery.o(i.on_descriptor_discovery_rsp)
    on_descriptor_discovery_rsp              0x000205c9   Thumb Code   180  ble_db_discovery.o(i.on_descriptor_discovery_rsp)
    i.on_hvx                                 0x00020680   Section        0  ble_uart_c.o(i.on_hvx)
    on_hvx                                   0x00020681   Thumb Code    56  ble_uart_c.o(i.on_hvx)
    i.on_primary_srv_discovery_rsp           0x000206b8   Section        0  ble_db_discovery.o(i.on_primary_srv_discovery_rsp)
    on_primary_srv_discovery_rsp             0x000206b9   Thumb Code    88  ble_db_discovery.o(i.on_primary_srv_discovery_rsp)
    i.on_srv_disc_completion                 0x00020710   Section        0  ble_db_discovery.o(i.on_srv_disc_completion)
    on_srv_disc_completion                   0x00020711   Thumb Code   118  ble_db_discovery.o(i.on_srv_disc_completion)
    i.on_sys_evt                             0x00020794   Section        0  main.o(i.on_sys_evt)
    on_sys_evt                               0x00020795   Thumb Code    42  main.o(i.on_sys_evt)
    i.on_tx_ready                            0x000207c4   Section        0  app_uart_fifo.o(i.on_tx_ready)
    on_tx_ready                              0x000207c5   Thumb Code    38  app_uart_fifo.o(i.on_tx_ready)
    i.on_uart_close                          0x000207f0   Section        0  app_uart_fifo.o(i.on_uart_close)
    on_uart_close                            0x000207f1   Thumb Code     8  app_uart_fifo.o(i.on_uart_close)
    i.on_uart_event                          0x000207f8   Section        0  app_uart_fifo.o(i.on_uart_event)
    on_uart_event                            0x000207f9   Thumb Code    54  app_uart_fifo.o(i.on_uart_event)
    i.on_uart_put                            0x00020830   Section        0  app_uart_fifo.o(i.on_uart_put)
    on_uart_put                              0x00020831   Thumb Code    16  app_uart_fifo.o(i.on_uart_put)
    i.on_write_rsp                           0x00020844   Section        0  ble_uart_c.o(i.on_write_rsp)
    on_write_rsp                             0x00020845   Thumb Code    12  ble_uart_c.o(i.on_write_rsp)
    i.peer_instance_init                     0x00020850   Section        0  device_manager_central.o(i.peer_instance_init)
    peer_instance_init                       0x00020851   Thumb Code    76  device_manager_central.o(i.peer_instance_init)
    i.pending_user_evts_send                 0x000208a4   Section        0  ble_db_discovery.o(i.pending_user_evts_send)
    pending_user_evts_send                   0x000208a5   Thumb Code    42  ble_db_discovery.o(i.pending_user_evts_send)
    i.pin_in_use_by_gpiote                   0x000208dc   Section        0  nrf_drv_gpiote.o(i.pin_in_use_by_gpiote)
    pin_in_use_by_gpiote                     0x000208dd   Thumb Code    22  nrf_drv_gpiote.o(i.pin_in_use_by_gpiote)
    i.pin_in_use_by_port                     0x000208f8   Section        0  nrf_drv_gpiote.o(i.pin_in_use_by_port)
    pin_in_use_by_port                       0x000208f9   Thumb Code    18  nrf_drv_gpiote.o(i.pin_in_use_by_port)
    i.pin_in_use_by_te                       0x00020910   Section        0  nrf_drv_gpiote.o(i.pin_in_use_by_te)
    pin_in_use_by_te                         0x00020911   Thumb Code    26  nrf_drv_gpiote.o(i.pin_in_use_by_te)
    i.pin_in_use_clear                       0x00020930   Section        0  nrf_drv_gpiote.o(i.pin_in_use_clear)
    pin_in_use_clear                         0x00020931   Thumb Code    10  nrf_drv_gpiote.o(i.pin_in_use_clear)
    i.power_manage                           0x00020940   Section        0  main.o(i.power_manage)
    power_manage                             0x00020941   Thumb Code    34  main.o(i.power_manage)
    i.pstorage_access_status_get             0x00020974   Section        0  pstorage.o(i.pstorage_access_status_get)
    i.pstorage_block_identifier_get          0x000209a4   Section        0  pstorage.o(i.pstorage_block_identifier_get)
    i.pstorage_clear                         0x00020a48   Section        0  pstorage.o(i.pstorage_clear)
    i.pstorage_flash_page_end                0x00020b60   Section        0  pstorage.o(i.pstorage_flash_page_end)
    pstorage_flash_page_end                  0x00020b61   Thumb Code    36  pstorage.o(i.pstorage_flash_page_end)
    i.pstorage_flash_page_size               0x00020b88   Section        0  pstorage.o(i.pstorage_flash_page_size)
    pstorage_flash_page_size                 0x00020b89   Thumb Code    10  pstorage.o(i.pstorage_flash_page_size)
    i.pstorage_init                          0x00020b94   Section        0  pstorage.o(i.pstorage_init)
    i.pstorage_load                          0x00020c1c   Section        0  pstorage.o(i.pstorage_load)
    i.pstorage_register                      0x00020d18   Section        0  pstorage.o(i.pstorage_register)
    i.pstorage_store                         0x00020e30   Section        0  pstorage.o(i.pstorage_store)
    i.pstorage_sys_event_handler             0x00020f10   Section        0  pstorage.o(i.pstorage_sys_event_handler)
    i.pstorage_update                        0x00020f5c   Section        0  pstorage.o(i.pstorage_update)
    i.registered_handler_get                 0x0002103c   Section        0  ble_db_discovery.o(i.registered_handler_get)
    registered_handler_get                   0x0002103d   Thumb Code    56  ble_db_discovery.o(i.registered_handler_get)
    i.registered_handler_set                 0x0002107c   Section        0  ble_db_discovery.o(i.registered_handler_set)
    registered_handler_set                   0x0002107d   Thumb Code    58  ble_db_discovery.o(i.registered_handler_set)
    i.rtc1_counter_get                       0x000210c0   Section        0  app_timer.o(i.rtc1_counter_get)
    rtc1_counter_get                         0x000210c1   Thumb Code     6  app_timer.o(i.rtc1_counter_get)
    i.rtc1_init                              0x000210cc   Section        0  app_timer.o(i.rtc1_init)
    rtc1_init                                0x000210cd   Thumb Code    18  app_timer.o(i.rtc1_init)
    i.rtc1_start                             0x000210e4   Section        0  app_timer.o(i.rtc1_start)
    rtc1_start                               0x000210e5   Thumb Code    48  app_timer.o(i.rtc1_start)
    i.rtc1_stop                              0x00021120   Section        0  app_timer.o(i.rtc1_stop)
    rtc1_stop                                0x00021121   Thumb Code    66  app_timer.o(i.rtc1_stop)
    i.scan_start                             0x00021178   Section        0  main.o(i.scan_start)
    scan_start                               0x00021179   Thumb Code   266  main.o(i.scan_start)
    i.sm_state_change                        0x000212a4   Section        0  pstorage.o(i.sm_state_change)
    sm_state_change                          0x000212a5   Thumb Code    14  pstorage.o(i.sm_state_change)
    i.softdevice_assertion_handler           0x000212b8   Section        0  softdevice_handler.o(i.softdevice_assertion_handler)
    i.softdevice_ble_evt_handler_set         0x000212cc   Section        0  softdevice_handler.o(i.softdevice_ble_evt_handler_set)
    i.softdevice_handler_init                0x000212e4   Section        0  softdevice_handler.o(i.softdevice_handler_init)
    i.softdevice_sys_evt_handler_set         0x0002134c   Section        0  softdevice_handler.o(i.softdevice_sys_evt_handler_set)
    i.state_data_erase_entry_run             0x00021364   Section        0  pstorage.o(i.state_data_erase_entry_run)
    state_data_erase_entry_run               0x00021365   Thumb Code    12  pstorage.o(i.state_data_erase_entry_run)
    i.state_data_erase_swap_entry_run        0x00021374   Section        0  pstorage.o(i.state_data_erase_swap_entry_run)
    state_data_erase_swap_entry_run          0x00021375   Thumb Code   136  pstorage.o(i.state_data_erase_swap_entry_run)
    i.state_entry_action_run                 0x0002140c   Section        0  pstorage.o(i.state_entry_action_run)
    state_entry_action_run                   0x0002140d   Thumb Code    54  pstorage.o(i.state_entry_action_run)
    i.state_erase_data_page_entry_run        0x00021448   Section        0  pstorage.o(i.state_erase_data_page_entry_run)
    state_erase_data_page_entry_run          0x00021449   Thumb Code    12  pstorage.o(i.state_erase_data_page_entry_run)
    i.state_idle_entry_run                   0x00021458   Section        0  pstorage.o(i.state_idle_entry_run)
    state_idle_entry_run                     0x00021459   Thumb Code    18  pstorage.o(i.state_idle_entry_run)
    i.state_restore_head_entry_run           0x00021474   Section        0  pstorage.o(i.state_restore_head_entry_run)
    state_restore_head_entry_run             0x00021475   Thumb Code    44  pstorage.o(i.state_restore_head_entry_run)
    i.state_restore_tail_entry_run           0x000214a8   Section        0  pstorage.o(i.state_restore_tail_entry_run)
    state_restore_tail_entry_run             0x000214a9   Thumb Code    76  pstorage.o(i.state_restore_tail_entry_run)
    i.state_store_entry_run                  0x000214fc   Section        0  pstorage.o(i.state_store_entry_run)
    state_store_entry_run                    0x000214fd   Thumb Code     8  pstorage.o(i.state_store_entry_run)
    i.state_swap_erase_entry_run             0x00021504   Section        0  pstorage.o(i.state_swap_erase_entry_run)
    state_swap_erase_entry_run               0x00021505   Thumb Code    38  pstorage.o(i.state_swap_erase_entry_run)
    i.state_write_data_swap_entry_run        0x0002152c   Section        0  pstorage.o(i.state_write_data_swap_entry_run)
    state_write_data_swap_entry_run          0x0002152d   Thumb Code    46  pstorage.o(i.state_write_data_swap_entry_run)
    i.storage_operation_dummy_handler        0x00021560   Section        0  device_manager_central.o(i.storage_operation_dummy_handler)
    storage_operation_dummy_handler          0x00021561   Thumb Code     8  device_manager_central.o(i.storage_operation_dummy_handler)
    i.store_cmd_flash_write_execute          0x00021568   Section        0  pstorage.o(i.store_cmd_flash_write_execute)
    store_cmd_flash_write_execute            0x00021569   Thumb Code    92  pstorage.o(i.store_cmd_flash_write_execute)
    i.store_operation_execute                0x000215cc   Section        0  pstorage.o(i.store_operation_execute)
    store_operation_execute                  0x000215cd   Thumb Code    10  pstorage.o(i.store_operation_execute)
    i.store_sub_state_sm_run                 0x000215d8   Section        0  pstorage.o(i.store_sub_state_sm_run)
    store_sub_state_sm_run                   0x000215d9   Thumb Code    62  pstorage.o(i.store_sub_state_sm_run)
    i.swap_erase_state_run                   0x00021624   Section        0  pstorage.o(i.swap_erase_state_run)
    swap_erase_state_run                     0x00021625   Thumb Code    28  pstorage.o(i.swap_erase_state_run)
    i.swap_sub_sm_exit_action_run            0x00021644   Section        0  pstorage.o(i.swap_sub_sm_exit_action_run)
    swap_sub_sm_exit_action_run              0x00021645   Thumb Code     8  pstorage.o(i.swap_sub_sm_exit_action_run)
    i.swap_sub_state_entry_action_run        0x0002164c   Section        0  pstorage.o(i.swap_sub_state_entry_action_run)
    swap_sub_state_entry_action_run          0x0002164d   Thumb Code    16  pstorage.o(i.swap_sub_state_entry_action_run)
    i.swap_sub_state_err_busy_process        0x00021664   Section        0  pstorage.o(i.swap_sub_state_err_busy_process)
    swap_sub_state_err_busy_process          0x00021665   Thumb Code    24  pstorage.o(i.swap_sub_state_err_busy_process)
    i.swap_sub_state_sm_run                  0x00021684   Section        0  pstorage.o(i.swap_sub_state_sm_run)
    swap_sub_state_sm_run                    0x00021685   Thumb Code    16  pstorage.o(i.swap_sub_state_sm_run)
    i.swap_sub_state_state_change            0x0002169c   Section        0  pstorage.o(i.swap_sub_state_state_change)
    swap_sub_state_state_change              0x0002169d   Thumb Code    14  pstorage.o(i.swap_sub_state_state_change)
    i.sys_evt_dispatch                       0x000216b0   Section        0  main.o(i.sys_evt_dispatch)
    sys_evt_dispatch                         0x000216b1   Thumb Code    18  main.o(i.sys_evt_dispatch)
    i.tail_restore_state_run                 0x000216c4   Section        0  pstorage.o(i.tail_restore_state_run)
    tail_restore_state_run                   0x000216c5   Thumb Code    26  pstorage.o(i.tail_restore_state_run)
    i.tail_word_size_calculate               0x000216e4   Section        0  pstorage.o(i.tail_word_size_calculate)
    tail_word_size_calculate                 0x000216e5   Thumb Code    84  pstorage.o(i.tail_word_size_calculate)
    i.ticks_diff_get                         0x0002173c   Section        0  app_timer.o(i.ticks_diff_get)
    ticks_diff_get                           0x0002173d   Thumb Code    10  app_timer.o(i.ticks_diff_get)
    i.timeout_handler_exec                   0x00021748   Section        0  app_timer.o(i.timeout_handler_exec)
    timeout_handler_exec                     0x00021749   Thumb Code    60  app_timer.o(i.timeout_handler_exec)
    i.timer_list_handler                     0x000217c4   Section        0  app_timer.o(i.timer_list_handler)
    timer_list_handler                       0x000217c5   Thumb Code    76  app_timer.o(i.timer_list_handler)
    i.timer_list_handler_sched               0x0002181c   Section        0  app_timer.o(i.timer_list_handler_sched)
    timer_list_handler_sched                 0x0002181d   Thumb Code    10  app_timer.o(i.timer_list_handler_sched)
    i.timer_list_insert                      0x00021828   Section        0  app_timer.o(i.timer_list_insert)
    timer_list_insert                        0x00021829   Thumb Code   212  app_timer.o(i.timer_list_insert)
    i.timer_list_remove                      0x00021904   Section        0  app_timer.o(i.timer_list_remove)
    timer_list_remove                        0x00021905   Thumb Code   184  app_timer.o(i.timer_list_remove)
    i.timer_start_op_schedule                0x000219d0   Section        0  app_timer.o(i.timer_start_op_schedule)
    timer_start_op_schedule                  0x000219d1   Thumb Code    80  app_timer.o(i.timer_start_op_schedule)
    i.timer_stop_op_schedule                 0x00021a24   Section        0  app_timer.o(i.timer_stop_op_schedule)
    timer_stop_op_schedule                   0x00021a25   Thumb Code    58  app_timer.o(i.timer_stop_op_schedule)
    i.timer_timeouts_check                   0x00021a64   Section        0  app_timer.o(i.timer_timeouts_check)
    timer_timeouts_check                     0x00021a65   Thumb Code   132  app_timer.o(i.timer_timeouts_check)
    i.timer_timeouts_check_sched             0x00021b00   Section        0  app_timer.o(i.timer_timeouts_check_sched)
    timer_timeouts_check_sched               0x00021b01   Thumb Code    10  app_timer.o(i.timer_timeouts_check_sched)
    i.timers_init                            0x00021b0c   Section        0  main.o(i.timers_init)
    timers_init                              0x00021b0d   Thumb Code    50  main.o(i.timers_init)
    i.tx_buffer_process                      0x00021b54   Section        0  ble_uart_c.o(i.tx_buffer_process)
    tx_buffer_process                        0x00021b55   Thumb Code   126  ble_uart_c.o(i.tx_buffer_process)
    i.uart_c_evt_handler                     0x00021be0   Section        0  main.o(i.uart_c_evt_handler)
    uart_c_evt_handler                       0x00021be1   Thumb Code   120  main.o(i.uart_c_evt_handler)
    i.uart_c_init                            0x00021c70   Section        0  main.o(i.uart_c_init)
    uart_c_init                              0x00021c71   Thumb Code    42  main.o(i.uart_c_init)
    i.uart_event_handle                      0x00021cb8   Section        0  main.o(i.uart_event_handle)
    i.uart_init                              0x00021d74   Section        0  main.o(i.uart_init)
    uart_init                                0x00021d75   Thumb Code    86  main.o(i.uart_init)
    i.uart_no_flow_control_init              0x00021df0   Section        0  app_uart_fifo.o(i.uart_no_flow_control_init)
    uart_no_flow_control_init                0x00021df1   Thumb Code    50  app_uart_fifo.o(i.uart_no_flow_control_init)
    i.uart_standard_flow_control_init        0x00021e30   Section        0  app_uart_fifo.o(i.uart_standard_flow_control_init)
    uart_standard_flow_control_init          0x00021e31   Thumb Code    50  app_uart_fifo.o(i.uart_standard_flow_control_init)
    i.update_operation_execute               0x00021e70   Section        0  pstorage.o(i.update_operation_execute)
    update_operation_execute                 0x00021e71   Thumb Code     8  pstorage.o(i.update_operation_execute)
    i.update_status_bit_reset                0x00021e78   Section        0  device_manager_central.o(i.update_status_bit_reset)
    update_status_bit_reset                  0x00021e79   Thumb Code    16  device_manager_central.o(i.update_status_bit_reset)
    i.user_id_get                            0x00021e8c   Section        0  app_timer.o(i.user_id_get)
    user_id_get                              0x00021e8d   Thumb Code    34  app_timer.o(i.user_id_get)
    i.user_op_alloc                          0x00021eae   Section        0  app_timer.o(i.user_op_alloc)
    user_op_alloc                            0x00021eaf   Thumb Code    44  app_timer.o(i.user_op_alloc)
    i.user_op_enque                          0x00021eda   Section        0  app_timer.o(i.user_op_enque)
    user_op_enque                            0x00021edb   Thumb Code     4  app_timer.o(i.user_op_enque)
    .constdata                               0x00021ee0   Section       20  main.o(.constdata)
    m_connection_param                       0x00021ee0   Data           8  main.o(.constdata)
    .constdata                               0x00021ef4   Section       48  bsp.o(.constdata)
    m_buttons_list                           0x00021ef4   Data          16  bsp.o(.constdata)
    app_buttons                              0x00021f04   Data          32  bsp.o(.constdata)
    .constdata                               0x00021f24   Section       52  device_manager_central.o(.constdata)
    .constdata                               0x00021f58   Section       16  ble_uart_c.o(.constdata)
    .constdata                               0x00021f68   Section        8  app_uart_fifo.o(.constdata)
    .constdata                               0x00021f70   Section       40  pstorage.o(.constdata)
    swap_sub_state_sm_lut                    0x00021f70   Data          20  pstorage.o(.constdata)
    swap_sub_state_sm_lut                    0x00021f84   Data          20  pstorage.o(.constdata)
    .constdata                               0x00021f98   Section        4  app_button.o(.constdata)
    .conststring                             0x00021f9c   Section       73  device_manager_central.o(.conststring)
    .conststring                             0x00021fe8   Section       87  softdevice_handler.o(.conststring)
    .data                                    0x20002800   Section       25  main.o(.data)
    m_dm_app_id                              0x20002800   Data           1  main.o(.data)
    m_dm_device_handle                       0x20002801   Data           4  main.o(.data)
    m_peer_count                             0x20002805   Data           1  main.o(.data)
    m_scan_mode                              0x20002806   Data           1  main.o(.data)
    m_memory_access_in_progress              0x20002807   Data           1  main.o(.data)
    index                                    0x20002818   Data           1  main.o(.data)
    .data                                    0x2000281c   Section       33  bsp.o(.data)
    m_stable_state                           0x2000281c   Data           1  bsp.o(.data)
    m_app_ticks_per_100ms                    0x20002820   Data           4  bsp.o(.data)
    m_indication_type                        0x20002824   Data           4  bsp.o(.data)
    m_leds_timer_id                          0x20002828   Data           4  bsp.o(.data)
    m_alert_timer_id                         0x2000282c   Data           4  bsp.o(.data)
    m_registered_callback                    0x20002830   Data           4  bsp.o(.data)
    m_button_timer_id                        0x20002834   Data           4  bsp.o(.data)
    current_long_push_pin_no                 0x20002838   Data           1  bsp.o(.data)
    release_event_at_push                    0x20002839   Data           4  bsp.o(.data)
    .data                                    0x20002840   Section       13  ble_db_discovery.o(.data)
    m_pending_usr_evt_index                  0x20002840   Data           4  ble_db_discovery.o(.data)
    m_num_of_handlers_reg                    0x20002844   Data           4  ble_db_discovery.o(.data)
    m_num_of_discoveries_made                0x20002848   Data           4  ble_db_discovery.o(.data)
    m_initialized                            0x2000284c   Data           1  ble_db_discovery.o(.data)
    .data                                    0x20002850   Section       13  device_manager_central.o(.data)
    m_storage_handle                         0x20002850   Data           8  device_manager_central.o(.data)
    m_peer_addr_update                       0x20002858   Data           4  device_manager_central.o(.data)
    m_module_initialized                     0x2000285c   Data           1  device_manager_central.o(.data)
    .data                                    0x20002860   Section       16  ble_uart_c.o(.data)
    mp_ble_uart_c                            0x20002860   Data           4  ble_uart_c.o(.data)
    m_tx_insert_index                        0x20002864   Data           4  ble_uart_c.o(.data)
    m_tx_index                               0x20002868   Data           4  ble_uart_c.o(.data)
    uart_uuid                                0x2000286c   Data           4  ble_uart_c.o(.data)
    .data                                    0x20002870   Section        9  app_uart_fifo.o(.data)
    m_instance_counter                       0x20002870   Data           1  app_uart_fifo.o(.data)
    m_event_handler                          0x20002874   Data           4  app_uart_fifo.o(.data)
    m_current_state                          0x20002878   Data           1  app_uart_fifo.o(.data)
    .data                                    0x2000287c   Section       40  pstorage.o(.data)
    m_next_app_instance                      0x2000287c   Data           2  pstorage.o(.data)
    m_next_page_addr                         0x20002880   Data           4  pstorage.o(.data)
    m_state                                  0x20002884   Data           1  pstorage.o(.data)
    m_swap_sub_state                         0x20002885   Data           1  pstorage.o(.data)
    m_head_word_size                         0x20002888   Data           4  pstorage.o(.data)
    m_tail_word_size                         0x2000288c   Data           4  pstorage.o(.data)
    m_current_page_id                        0x20002890   Data           4  pstorage.o(.data)
    m_num_of_command_retries                 0x20002894   Data           4  pstorage.o(.data)
    m_num_of_bytes_written                   0x20002898   Data           4  pstorage.o(.data)
    m_app_data_size                          0x2000289c   Data           4  pstorage.o(.data)
    m_flags                                  0x200028a0   Data           4  pstorage.o(.data)
    .data                                    0x200028a4   Section       24  app_button.o(.data)
    mp_buttons                               0x200028a4   Data           4  app_button.o(.data)
    m_button_count                           0x200028a8   Data           1  app_button.o(.data)
    m_detection_delay                        0x200028ac   Data           4  app_button.o(.data)
    m_detection_delay_timer_id               0x200028b0   Data           4  app_button.o(.data)
    m_pin_state                              0x200028b4   Data           4  app_button.o(.data)
    m_pin_transition                         0x200028b8   Data           4  app_button.o(.data)
    .data                                    0x200028bc   Section       12  app_error.o(.data)
    .data                                    0x200028c8   Section       42  app_timer.o(.data)
    m_node_array_size                        0x200028c8   Data           1  app_timer.o(.data)
    mp_nodes                                 0x200028cc   Data           4  app_timer.o(.data)
    m_user_array_size                        0x200028d0   Data           1  app_timer.o(.data)
    mp_users                                 0x200028d4   Data           4  app_timer.o(.data)
    m_timer_id_head                          0x200028d8   Data           4  app_timer.o(.data)
    m_ticks_latest                           0x200028dc   Data           4  app_timer.o(.data)
    m_ticks_elapsed                          0x200028e0   Data           8  app_timer.o(.data)
    m_ticks_elapsed_q_read_ind               0x200028e8   Data           1  app_timer.o(.data)
    m_ticks_elapsed_q_write_ind              0x200028e9   Data           1  app_timer.o(.data)
    m_evt_schedule_func                      0x200028ec   Data           4  app_timer.o(.data)
    m_rtc1_running                           0x200028f0   Data           1  app_timer.o(.data)
    m_rtc1_reset                             0x200028f1   Data           1  app_timer.o(.data)
    .data                                    0x200028f4   Section        8  retarget.o(.data)
    .data                                    0x200028fc   Section       24  softdevice_handler.o(.data)
    m_evt_schedule_func                      0x200028fc   Data           4  softdevice_handler.o(.data)
    m_softdevice_enabled                     0x20002900   Data           1  softdevice_handler.o(.data)
    mp_ble_evt_buffer                        0x20002904   Data           4  softdevice_handler.o(.data)
    m_ble_evt_buffer_size                    0x20002908   Data           2  softdevice_handler.o(.data)
    m_ble_evt_handler                        0x2000290c   Data           4  softdevice_handler.o(.data)
    m_sys_evt_handler                        0x20002910   Data           4  softdevice_handler.o(.data)
    .data                                    0x20002914   Section        4  system_nrf51.o(.data)
    __tagsym$$used                           0x20002914   Number         0  system_nrf51.o(.data)
    .bss                                     0x20002918   Section     1772  main.o(.bss)
    m_ble_db_discovery                       0x20002918   Data          98  main.o(.bss)
    m_ble_uart_c                             0x2000297c   Data          12  main.o(.bss)
    m_scan_param                             0x20002988   Data          16  main.o(.bss)
    data_array                               0x20002998   Data          20  main.o(.bss)
    BLE_EVT_BUFFER                           0x200029ac   Data          72  main.o(.bss)
    APP_TIMER_BUF                            0x200029f4   Data         352  main.o(.bss)
    rx_buf                                   0x20002b54   Data         256  main.o(.bss)
    tx_buf                                   0x20002c54   Data         256  main.o(.bss)
    APP_TIMER_BUF                            0x20002d54   Data         688  main.o(.bss)
    .bss                                     0x20003004   Section       12  bsp.o(.bss)
    m_events_list                            0x20003004   Data          12  bsp.o(.bss)
    .bss                                     0x20003010   Section      128  ble_db_discovery.o(.bss)
    m_registered_handlers                    0x20003010   Data          16  ble_db_discovery.o(.bss)
    m_pending_user_evts                      0x20003020   Data         112  ble_db_discovery.o(.bss)
    .bss                                     0x20003090   Section      283  device_manager_central.o(.bss)
    m_app_context_table                      0x20003090   Data          28  device_manager_central.o(.bss)
    m_peer_table                             0x200030ac   Data         168  device_manager_central.o(.bss)
    m_bond_table                             0x20003154   Data          28  device_manager_central.o(.bss)
    m_gatts_table                            0x20003170   Data          12  device_manager_central.o(.bss)
    m_connection_table                       0x2000317c   Data          12  device_manager_central.o(.bss)
    m_application_table                      0x20003188   Data          12  device_manager_central.o(.bss)
    m_local_id_info                          0x20003194   Data          23  device_manager_central.o(.bss)
    .bss                                     0x200031ac   Section      288  ble_uart_c.o(.bss)
    m_tx_buffer                              0x200031ac   Data         288  ble_uart_c.o(.bss)
    .bss                                     0x200032cc   Section       32  app_uart_fifo.o(.bss)
    m_rx_fifo                                0x200032cc   Data          16  app_uart_fifo.o(.bss)
    m_tx_fifo                                0x200032dc   Data          16  app_uart_fifo.o(.bss)
    .bss                                     0x200032ec   Section      228  pstorage.o(.bss)
    m_cmd_queue                              0x200032ec   Data         204  pstorage.o(.bss)
    m_app_table                              0x200033b8   Data          24  pstorage.o(.bss)
    .bss                                     0x200033d0   Section       72  nrf_drv_gpiote.o(.bss)
    m_cb                                     0x200033d0   Data          72  nrf_drv_gpiote.o(.bss)
    STACK                                    0x20003418   Section     2048  arm_startup_nrf51.o(STACK)

    Global Symbols

    Symbol Name                              Value     Ov Type        Size  Object(Section)

    BuildAttributes$$THM_ISAv3M$S$PE$A:L22$X:L11$S22$IEEE1$IW$USESV6$~STKCKD$USESV7$~SHL$OSPACE$ROPI$EBA8$MICROLIB$REQ8$PRES8$EABIv2 0x00000000   Number         0  anon$$obj.o ABSOLUTE
    __ARM_use_no_argv                        0x00000000   Number         0  main.o ABSOLUTE
    _printf_a                                0x00000000   Number         0  stubs.o ABSOLUTE
    _printf_c                                0x00000000   Number         0  stubs.o ABSOLUTE
    _printf_charcount                        0x00000000   Number         0  stubs.o ABSOLUTE
    _printf_d                                0x00000000   Number         0  stubs.o ABSOLUTE
    _printf_e                                0x00000000   Number         0  stubs.o ABSOLUTE
    _printf_f                                0x00000000   Number         0  stubs.o ABSOLUTE
    _printf_flags                            0x00000000   Number         0  stubs.o ABSOLUTE
    _printf_fp_dec                           0x00000000   Number         0  stubs.o ABSOLUTE
    _printf_fp_hex                           0x00000000   Number         0  stubs.o ABSOLUTE
    _printf_g                                0x00000000   Number         0  stubs.o ABSOLUTE
    _printf_i                                0x00000000   Number         0  stubs.o ABSOLUTE
    _printf_int_dec                          0x00000000   Number         0  stubs.o ABSOLUTE
    _printf_l                                0x00000000   Number         0  stubs.o ABSOLUTE
    _printf_lc                               0x00000000   Number         0  stubs.o ABSOLUTE
    _printf_ll                               0x00000000   Number         0  stubs.o ABSOLUTE
    _printf_lld                              0x00000000   Number         0  stubs.o ABSOLUTE
    _printf_lli                              0x00000000   Number         0  stubs.o ABSOLUTE
    _printf_llo                              0x00000000   Number         0  stubs.o ABSOLUTE
    _printf_llu                              0x00000000   Number         0  stubs.o ABSOLUTE
    _printf_llx                              0x00000000   Number         0  stubs.o ABSOLUTE
    _printf_longlong_dec                     0x00000000   Number         0  stubs.o ABSOLUTE
    _printf_longlong_hex                     0x00000000   Number         0  stubs.o ABSOLUTE
    _printf_longlong_oct                     0x00000000   Number         0  stubs.o ABSOLUTE
    _printf_ls                               0x00000000   Number         0  stubs.o ABSOLUTE
    _printf_mbtowc                           0x00000000   Number         0  stubs.o ABSOLUTE
    _printf_n                                0x00000000   Number         0  stubs.o ABSOLUTE
    _printf_o                                0x00000000   Number         0  stubs.o ABSOLUTE
    _printf_p                                0x00000000   Number         0  stubs.o ABSOLUTE
    _printf_percent                          0x00000000   Number         0  stubs.o ABSOLUTE
    _printf_pre_padding                      0x00000000   Number         0  stubs.o ABSOLUTE
    _printf_return_value                     0x00000000   Number         0  stubs.o ABSOLUTE
    _printf_s                                0x00000000   Number         0  stubs.o ABSOLUTE
    _printf_sizespec                         0x00000000   Number         0  stubs.o ABSOLUTE
    _printf_str                              0x00000000   Number         0  stubs.o ABSOLUTE
    _printf_truncate_signed                  0x00000000   Number         0  stubs.o ABSOLUTE
    _printf_truncate_unsigned                0x00000000   Number         0  stubs.o ABSOLUTE
    _printf_u                                0x00000000   Number         0  stubs.o ABSOLUTE
    _printf_wc                               0x00000000   Number         0  stubs.o ABSOLUTE
    _printf_wctomb                           0x00000000   Number         0  stubs.o ABSOLUTE
    _printf_widthprec                        0x00000000   Number         0  stubs.o ABSOLUTE
    _printf_x                                0x00000000   Number         0  stubs.o ABSOLUTE
    __cpp_initialize__aeabi_                  - Undefined Weak Reference
    __cxa_finalize                            - Undefined Weak Reference
    __decompress                              - Undefined Weak Reference
    _clock_init                               - Undefined Weak Reference
    _microlib_exit                            - Undefined Weak Reference
    __Vectors_Size                           0x000000c0   Number         0  arm_startup_nrf51.o ABSOLUTE
    __Vectors                                0x0001c000   Data           4  arm_startup_nrf51.o(RESET)
    __Vectors_End                            0x0001c0c0   Data           0  arm_startup_nrf51.o(RESET)
    __main                                   0x0001c0c1   Thumb Code     0  entry.o(.ARM.Collect$$$$00000000)
    _main_stk                                0x0001c0c1   Thumb Code     0  entry2.o(.ARM.Collect$$$$00000001)
    _main_scatterload                        0x0001c0c5   Thumb Code     0  entry5.o(.ARM.Collect$$$$00000004)
    __main_after_scatterload                 0x0001c0c9   Thumb Code     0  entry5.o(.ARM.Collect$$$$00000004)
    _main_clock                              0x0001c0c9   Thumb Code     0  entry7b.o(.ARM.Collect$$$$00000008)
    _main_cpp_init                           0x0001c0c9   Thumb Code     0  entry8b.o(.ARM.Collect$$$$0000000A)
    _main_init                               0x0001c0c9   Thumb Code     0  entry9a.o(.ARM.Collect$$$$0000000B)
    __rt_final_cpp                           0x0001c0d1   Thumb Code     0  entry10a.o(.ARM.Collect$$$$0000000D)
    __rt_final_exit                          0x0001c0d1   Thumb Code     0  entry11a.o(.ARM.Collect$$$$0000000F)
    __asm___11_app_timer_c_cd27f9c3__nrf_delay_us 0x0001c0d5   Thumb Code    30  app_timer.o(.emb_text)
    Reset_Handler                            0x0001c0f5   Thumb Code    26  arm_startup_nrf51.o(.text)
    NMI_Handler                              0x0001c10f   Thumb Code     2  arm_startup_nrf51.o(.text)
    HardFault_Handler                        0x0001c111   Thumb Code     2  arm_startup_nrf51.o(.text)
    SVC_Handler                              0x0001c113   Thumb Code     2  arm_startup_nrf51.o(.text)
    PendSV_Handler                           0x0001c115   Thumb Code     2  arm_startup_nrf51.o(.text)
    SysTick_Handler                          0x0001c117   Thumb Code     2  arm_startup_nrf51.o(.text)
    ADC_IRQHandler                           0x0001c119   Thumb Code     0  arm_startup_nrf51.o(.text)
    CCM_AAR_IRQHandler                       0x0001c119   Thumb Code     0  arm_startup_nrf51.o(.text)
    ECB_IRQHandler                           0x0001c119   Thumb Code     0  arm_startup_nrf51.o(.text)
    LPCOMP_IRQHandler                        0x0001c119   Thumb Code     0  arm_startup_nrf51.o(.text)
    POWER_CLOCK_IRQHandler                   0x0001c119   Thumb Code     0  arm_startup_nrf51.o(.text)
    QDEC_IRQHandler                          0x0001c119   Thumb Code     0  arm_startup_nrf51.o(.text)
    RADIO_IRQHandler                         0x0001c119   Thumb Code     0  arm_startup_nrf51.o(.text)
    RNG_IRQHandler                           0x0001c119   Thumb Code     0  arm_startup_nrf51.o(.text)
    RTC0_IRQHandler                          0x0001c119   Thumb Code     0  arm_startup_nrf51.o(.text)
    SPI0_TWI0_IRQHandler                     0x0001c119   Thumb Code     0  arm_startup_nrf51.o(.text)
    SPI1_TWI1_IRQHandler                     0x0001c119   Thumb Code     0  arm_startup_nrf51.o(.text)
    SWI1_IRQHandler                          0x0001c119   Thumb Code     0  arm_startup_nrf51.o(.text)
    SWI3_IRQHandler                          0x0001c119   Thumb Code     0  arm_startup_nrf51.o(.text)
    SWI4_IRQHandler                          0x0001c119   Thumb Code     0  arm_startup_nrf51.o(.text)
    SWI5_IRQHandler                          0x0001c119   Thumb Code     0  arm_startup_nrf51.o(.text)
    TEMP_IRQHandler                          0x0001c119   Thumb Code     0  arm_startup_nrf51.o(.text)
    TIMER0_IRQHandler                        0x0001c119   Thumb Code     0  arm_startup_nrf51.o(.text)
    TIMER1_IRQHandler                        0x0001c119   Thumb Code     0  arm_startup_nrf51.o(.text)
    TIMER2_IRQHandler                        0x0001c119   Thumb Code     0  arm_startup_nrf51.o(.text)
    WDT_IRQHandler                           0x0001c119   Thumb Code     0  arm_startup_nrf51.o(.text)
    __aeabi_uidiv                            0x0001c12d   Thumb Code     0  uidiv.o(.text)
    __aeabi_uidivmod                         0x0001c12d   Thumb Code    44  uidiv.o(.text)
    __aeabi_idiv                             0x0001c159   Thumb Code     0  idiv.o(.text)
    __aeabi_idivmod                          0x0001c159   Thumb Code    40  idiv.o(.text)
    __aeabi_memcpy                           0x0001c181   Thumb Code    36  memcpya.o(.text)
    __aeabi_memcpy4                          0x0001c181   Thumb Code     0  memcpya.o(.text)
    __aeabi_memcpy8                          0x0001c181   Thumb Code     0  memcpya.o(.text)
    __aeabi_memset                           0x0001c1a5   Thumb Code    14  memseta.o(.text)
    __aeabi_memset4                          0x0001c1a5   Thumb Code     0  memseta.o(.text)
    __aeabi_memset8                          0x0001c1a5   Thumb Code     0  memseta.o(.text)
    __aeabi_memclr                           0x0001c1b3   Thumb Code     4  memseta.o(.text)
    __aeabi_memclr4                          0x0001c1b3   Thumb Code     0  memseta.o(.text)
    __aeabi_memclr8                          0x0001c1b3   Thumb Code     0  memseta.o(.text)
    _memset$wrapper                          0x0001c1b7   Thumb Code    18  memseta.o(.text)
    memcmp                                   0x0001c1c9   Thumb Code    26  memcmp.o(.text)
    __scatterload                            0x0001c1e5   Thumb Code    28  init.o(.text)
    __scatterload_rt2                        0x0001c1e5   Thumb Code     0  init.o(.text)
    GPIOTE_IRQHandler                        0x0001c209   Thumb Code   378  nrf_drv_gpiote.o(i.GPIOTE_IRQHandler)
    RTC1_IRQHandler                          0x0001c539   Thumb Code    34  app_timer.o(i.RTC1_IRQHandler)
    SWI0_IRQHandler                          0x0001c561   Thumb Code     8  app_timer.o(i.SWI0_IRQHandler)
    SWI2_IRQHandler                          0x0001c569   Thumb Code    52  softdevice_handler.o(i.SWI2_IRQHandler)
    SystemInit                               0x0001c5a5   Thumb Code    38  system_nrf51.o(i.SystemInit)
    UART0_IRQHandler                         0x0001c5dd   Thumb Code   142  app_uart_fifo.o(i.UART0_IRQHandler)
    __0printf$1                              0x0001c67d   Thumb Code    24  printf1.o(i.__0printf$1)
    __1printf$1                              0x0001c67d   Thumb Code     0  printf1.o(i.__0printf$1)
    __2printf                                0x0001c67d   Thumb Code     0  printf1.o(i.__0printf$1)
    __ARM_common_switch8                     0x0001c69d   Thumb Code    28  bsp.o(i.__ARM_common_switch8)
    __scatterload_copy                       0x0001c6b9   Thumb Code    14  handlers.o(i.__scatterload_copy)
    __scatterload_null                       0x0001c6c7   Thumb Code     2  handlers.o(i.__scatterload_null)
    __scatterload_zeroinit                   0x0001c6c9   Thumb Code    14  handlers.o(i.__scatterload_zeroinit)
    action_tx_stop                           0x0001c899   Thumb Code    28  app_uart_fifo.o(i.action_tx_stop)
    app_button_enable                        0x0001c93d   Thumb Code    34  app_button.o(i.app_button_enable)
    app_button_init                          0x0001c969   Thumb Code   128  app_button.o(i.app_button_init)
    app_error_handler                        0x0001ca0d   Thumb Code    48  app_error.o(i.app_error_handler)
    app_fifo_get                             0x0001ca65   Thumb Code    42  app_fifo.o(i.app_fifo_get)
    app_fifo_init                            0x0001ca8f   Thumb Code    42  app_fifo.o(i.app_fifo_init)
    app_fifo_put                             0x0001cab9   Thumb Code    42  app_fifo.o(i.app_fifo_put)
    app_timer_create                         0x0001cb39   Thumb Code   108  app_timer.o(i.app_timer_create)
    app_timer_init                           0x0001cbad   Thumb Code   204  app_timer.o(i.app_timer_init)
    app_timer_start                          0x0001cc9d   Thumb Code    98  app_timer.o(i.app_timer_start)
    app_timer_stop                           0x0001cd09   Thumb Code    60  app_timer.o(i.app_timer_stop)
    app_uart_get                             0x0001cd4d   Thumb Code    14  app_uart_fifo.o(i.app_uart_get)
    app_uart_init                            0x0001cd61   Thumb Code   400  app_uart_fifo.o(i.app_uart_init)
    app_uart_put                             0x0001cf1d   Thumb Code    24  app_uart_fifo.o(i.app_uart_put)
    ble_db_discovery_evt_register            0x0001cf39   Thumb Code    52  ble_db_discovery.o(i.ble_db_discovery_evt_register)
    ble_db_discovery_init                    0x0001cf75   Thumb Code    24  ble_db_discovery.o(i.ble_db_discovery_init)
    ble_db_discovery_on_ble_evt              0x0001cf9d   Thumb Code   118  ble_db_discovery.o(i.ble_db_discovery_on_ble_evt)
    ble_db_discovery_start                   0x0001d019   Thumb Code   128  ble_db_discovery.o(i.ble_db_discovery_start)
    ble_uart_c_init                          0x0001d195   Thumb Code    94  ble_uart_c.o(i.ble_uart_c_init)
    ble_uart_c_on_ble_evt                    0x0001d205   Thumb Code    66  ble_uart_c.o(i.ble_uart_c_on_ble_evt)
    ble_uart_c_rx_notif_enable               0x0001d247   Thumb Code    24  ble_uart_c.o(i.ble_uart_c_rx_notif_enable)
    ble_uart_c_write_string                  0x0001d261   Thumb Code    98  ble_uart_c.o(i.ble_uart_c_write_string)
    bsp_event_to_button_action_assign        0x0001d3a9   Thumb Code    88  bsp.o(i.bsp_event_to_button_action_assign)
    bsp_indication_set                       0x0001d405   Thumb Code    30  bsp.o(i.bsp_indication_set)
    bsp_init                                 0x0001d429   Thumb Code   166  bsp.o(i.bsp_init)
    dm_ble_evt_handler                       0x0001e7bd   Thumb Code  1370  device_manager_central.o(i.dm_ble_evt_handler)
    dm_handle_initialize                     0x0001ed2d   Thumb Code    24  device_manager_central.o(i.dm_handle_initialize)
    dm_init                                  0x0001ed49   Thumb Code   226  device_manager_central.o(i.dm_init)
    dm_register                              0x0001f095   Thumb Code   102  device_manager_central.o(i.dm_register)
    dm_security_setup_req                    0x0001f109   Thumb Code   326  device_manager_central.o(i.dm_security_setup_req)
    dm_whitelist_create                      0x0001f265   Thumb Code   256  device_manager_central.o(i.dm_whitelist_create)
    fputc                                    0x0001f569   Thumb Code    16  retarget.o(i.fputc)
    initiate_security_request                0x0001f881   Thumb Code   124  device_manager_central.o(i.initiate_security_request)
    intern_softdevice_events_execute         0x0001f905   Thumb Code   168  softdevice_handler.o(i.intern_softdevice_events_execute)
    main                                     0x0001fdc1   Thumb Code   130  main.o(i.main)
    nrf_drv_common_irq_enable                0x0001fea5   Thumb Code    48  nrf_drv_common.o(i.nrf_drv_common_irq_enable)
    nrf_drv_gpiote_in_event_enable           0x0001fedd   Thumb Code   186  nrf_drv_gpiote.o(i.nrf_drv_gpiote_in_event_enable)
    nrf_drv_gpiote_in_init                   0x0001ffa5   Thumb Code   226  nrf_drv_gpiote.o(i.nrf_drv_gpiote_in_init)
    nrf_drv_gpiote_in_is_set                 0x00020099   Thumb Code    26  nrf_drv_gpiote.o(i.nrf_drv_gpiote_in_is_set)
    nrf_drv_gpiote_init                      0x000200b9   Thumb Code    76  nrf_drv_gpiote.o(i.nrf_drv_gpiote_init)
    nrf_drv_gpiote_is_init                   0x00020109   Thumb Code    16  nrf_drv_gpiote.o(i.nrf_drv_gpiote_is_init)
    nrf_drv_gpiote_out_init                  0x0002011d   Thumb Code   226  nrf_drv_gpiote.o(i.nrf_drv_gpiote_out_init)
    pstorage_access_status_get               0x00020975   Thumb Code    40  pstorage.o(i.pstorage_access_status_get)
    pstorage_block_identifier_get            0x000209a5   Thumb Code   154  pstorage.o(i.pstorage_block_identifier_get)
    pstorage_clear                           0x00020a49   Thumb Code   270  pstorage.o(i.pstorage_clear)
    pstorage_init                            0x00020b95   Thumb Code   104  pstorage.o(i.pstorage_init)
    pstorage_load                            0x00020c1d   Thumb Code   242  pstorage.o(i.pstorage_load)
    pstorage_register                        0x00020d19   Thumb Code   262  pstorage.o(i.pstorage_register)
    pstorage_store                           0x00020e31   Thumb Code   216  pstorage.o(i.pstorage_store)
    pstorage_sys_event_handler               0x00020f11   Thumb Code    66  pstorage.o(i.pstorage_sys_event_handler)
    pstorage_update                          0x00020f5d   Thumb Code   216  pstorage.o(i.pstorage_update)
    softdevice_assertion_handler             0x000212b9   Thumb Code    18  softdevice_handler.o(i.softdevice_assertion_handler)
    softdevice_ble_evt_handler_set           0x000212cd   Thumb Code    18  softdevice_handler.o(i.softdevice_ble_evt_handler_set)
    softdevice_handler_init                  0x000212e5   Thumb Code    84  softdevice_handler.o(i.softdevice_handler_init)
    softdevice_sys_evt_handler_set           0x0002134d   Thumb Code    18  softdevice_handler.o(i.softdevice_sys_evt_handler_set)
    uart_event_handle                        0x00021cb9   Thumb Code   158  main.o(i.uart_event_handle)
    m_service_context_store                  0x00021f24   Data          16  device_manager_central.o(.constdata)
    m_service_context_load                   0x00021f34   Data          16  device_manager_central.o(.constdata)
    m_service_context_apply                  0x00021f44   Data          16  device_manager_central.o(.constdata)
    m_context_init_len                       0x00021f54   Data           4  device_manager_central.o(.constdata)
    Region$$Table$$Base                      0x00022040   Number         0  anon$$obj.o(Region$$Table)
    Region$$Table$$Limit                     0x00022060   Number         0  anon$$obj.o(Region$$Table)
    nus_service_uuid                         0x20002808   Data          16  main.o(.data)
    m_error_code                             0x200028bc   Data           4  app_error.o(.data)
    m_line_num                               0x200028c0   Data           4  app_error.o(.data)
    m_p_file_name                            0x200028c4   Data           4  app_error.o(.data)
    __stdout                                 0x200028f4   Data           4  retarget.o(.data)
    __stdin                                  0x200028f8   Data           4  retarget.o(.data)
    SystemCoreClock                          0x20002914   Data           4  system_nrf51.o(.data)
    __initial_sp                             0x20003c18   Data           0  arm_startup_nrf51.o(STACK)



==============================================================================

Memory Map of the image

  Image Entry point : 0x0001c0c1

  Load Region LR_IROM1 (Base: 0x0001c000, Size: 0x00006178, Max: 0x00023000, ABSOLUTE)

    Execution Region ER_IROM1 (Base: 0x0001c000, Size: 0x00006060, Max: 0x00023000, ABSOLUTE)

    Base Addr    Size         Type   Attr      Idx    E Section Name        Object

    0x0001c000   0x000000c0   Data   RO         2189    RESET               arm_startup_nrf51.o
    0x0001c0c0   0x00000000   Code   RO         2236  * .ARM.Collect$$$$00000000  mc_p.l(entry.o)
    0x0001c0c0   0x00000004   Code   RO         2514    .ARM.Collect$$$$00000001  mc_p.l(entry2.o)
    0x0001c0c4   0x00000004   Code   RO         2517    .ARM.Collect$$$$00000004  mc_p.l(entry5.o)
    0x0001c0c8   0x00000000   Code   RO         2519    .ARM.Collect$$$$00000008  mc_p.l(entry7b.o)
    0x0001c0c8   0x00000000   Code   RO         2521    .ARM.Collect$$$$0000000A  mc_p.l(entry8b.o)
    0x0001c0c8   0x00000008   Code   RO         2522    .ARM.Collect$$$$0000000B  mc_p.l(entry9a.o)
    0x0001c0d0   0x00000000   Code   RO         2524    .ARM.Collect$$$$0000000D  mc_p.l(entry10a.o)
    0x0001c0d0   0x00000000   Code   RO         2526    .ARM.Collect$$$$0000000F  mc_p.l(entry11a.o)
    0x0001c0d0   0x00000004   Code   RO         2515    .ARM.Collect$$$$00002712  mc_p.l(entry2.o)
    0x0001c0d4   0x0000001e   Code   RO         1849    .emb_text           app_timer.o
    0x0001c0f2   0x00000002   PAD
    0x0001c0f4   0x00000038   Code   RO         2190    .text               arm_startup_nrf51.o
    0x0001c12c   0x0000002c   Code   RO         2239    .text               mc_p.l(uidiv.o)
    0x0001c158   0x00000028   Code   RO         2241    .text               mc_p.l(idiv.o)
    0x0001c180   0x00000024   Code   RO         2243    .text               mc_p.l(memcpya.o)
    0x0001c1a4   0x00000024   Code   RO         2245    .text               mc_p.l(memseta.o)
    0x0001c1c8   0x0000001a   Code   RO         2249    .text               mc_p.l(memcmp.o)
    0x0001c1e2   0x00000002   PAD
    0x0001c1e4   0x00000024   Code   RO         2541    .text               mc_p.l(init.o)
    0x0001c208   0x0000018c   Code   RO         1481    i.GPIOTE_IRQHandler  nrf_drv_gpiote.o
    0x0001c394   0x00000014   Code   RO         1850    i.NVIC_ClearPendingIRQ  app_timer.o
    0x0001c3a8   0x00000014   Code   RO         1851    i.NVIC_EnableIRQ    app_timer.o
    0x0001c3bc   0x00000014   Code   RO         1852    i.NVIC_SetPendingIRQ  app_timer.o
    0x0001c3d0   0x00000078   Code   RO          959    i.NVIC_SetPriority  app_uart_fifo.o
    0x0001c448   0x00000078   Code   RO         1709    i.NVIC_SetPriority  nrf_drv_common.o
    0x0001c4c0   0x00000078   Code   RO         1853    i.NVIC_SetPriority  app_timer.o
    0x0001c538   0x00000028   Code   RO         1854    i.RTC1_IRQHandler   app_timer.o
    0x0001c560   0x00000008   Code   RO         1855    i.SWI0_IRQHandler   app_timer.o
    0x0001c568   0x0000003c   Code   RO         2121    i.SWI2_IRQHandler   softdevice_handler.o
    0x0001c5a4   0x00000038   Code   RO         2197    i.SystemInit        system_nrf51.o
    0x0001c5dc   0x000000a0   Code   RO          960    i.UART0_IRQHandler  app_uart_fifo.o
    0x0001c67c   0x00000020   Code   RO         2298    i.__0printf$1       mc_p.l(printf1.o)
    0x0001c69c   0x0000001c   Code   RO          400    i.__ARM_common_switch8  bsp.o
    0x0001c6b8   0x0000000e   Code   RO         2555    i.__scatterload_copy  mc_p.l(handlers.o)
    0x0001c6c6   0x00000002   Code   RO         2556    i.__scatterload_null  mc_p.l(handlers.o)
    0x0001c6c8   0x0000000e   Code   RO         2557    i.__scatterload_zeroinit  mc_p.l(handlers.o)
    0x0001c6d6   0x00000002   PAD
    0x0001c6d8   0x00000150   Code   RO         2305    i._printf_core      mc_p.l(printf1.o)
    0x0001c828   0x0000001c   Code   RO          961    i.action_tx_ready   app_uart_fifo.o
    0x0001c844   0x00000054   Code   RO          962    i.action_tx_send    app_uart_fifo.o
    0x0001c898   0x00000028   Code   RO          963    i.action_tx_stop    app_uart_fifo.o
    0x0001c8c0   0x00000024   Code   RO          964    i.action_uart_deactivate  app_uart_fifo.o
    0x0001c8e4   0x00000034   Code   RO            3    i.adv_report_parse  main.o
    0x0001c918   0x00000024   Code   RO          308    i.alert_timer_handler  bsp.o
    0x0001c93c   0x0000002c   Code   RO         1735    i.app_button_enable  app_button.o
    0x0001c968   0x000000a4   Code   RO         1736    i.app_button_init   app_button.o
    0x0001ca0c   0x0000003c   Code   RO         1791    i.app_error_handler  app_error.o
    0x0001ca48   0x0000001c   Code   RO          617    i.app_evt_notify    device_manager_central.o
    0x0001ca64   0x0000002a   Code   RO         1813    i.app_fifo_get      app_fifo.o
    0x0001ca8e   0x0000002a   Code   RO         1814    i.app_fifo_init     app_fifo.o
    0x0001cab8   0x0000002a   Code   RO         1815    i.app_fifo_put      app_fifo.o
    0x0001cae2   0x00000002   PAD
    0x0001cae4   0x00000030   Code   RO         1152    i.app_notify        pstorage.o
    0x0001cb14   0x00000024   Code   RO         1153    i.app_notify_error_state_transit  pstorage.o
    0x0001cb38   0x00000074   Code   RO         1858    i.app_timer_create  app_timer.o
    0x0001cbac   0x000000f0   Code   RO         1859    i.app_timer_init    app_timer.o
    0x0001cc9c   0x0000006c   Code   RO         1860    i.app_timer_start   app_timer.o
    0x0001cd08   0x00000044   Code   RO         1861    i.app_timer_stop    app_timer.o
    0x0001cd4c   0x00000014   Code   RO          967    i.app_uart_get      app_uart_fifo.o
    0x0001cd60   0x000001bc   Code   RO          969    i.app_uart_init     app_uart_fifo.o
    0x0001cf1c   0x0000001c   Code   RO          970    i.app_uart_put      app_uart_fifo.o
    0x0001cf38   0x0000003c   Code   RO          443    i.ble_db_discovery_evt_register  ble_db_discovery.o
    0x0001cf74   0x00000028   Code   RO          444    i.ble_db_discovery_init  ble_db_discovery.o
    0x0001cf9c   0x0000007c   Code   RO          445    i.ble_db_discovery_on_ble_evt  ble_db_discovery.o
    0x0001d018   0x00000094   Code   RO          446    i.ble_db_discovery_start  ble_db_discovery.o
    0x0001d0ac   0x0000002c   Code   RO            5    i.ble_evt_dispatch  main.o
    0x0001d0d8   0x000000bc   Code   RO            6    i.ble_stack_init    main.o
    0x0001d194   0x00000070   Code   RO          898    i.ble_uart_c_init   ble_uart_c.o
    0x0001d204   0x00000042   Code   RO          899    i.ble_uart_c_on_ble_evt  ble_uart_c.o
    0x0001d246   0x00000018   Code   RO          900    i.ble_uart_c_rx_notif_enable  ble_uart_c.o
    0x0001d25e   0x00000002   PAD
    0x0001d260   0x00000070   Code   RO          901    i.ble_uart_c_write_string  ble_uart_c.o
    0x0001d2d0   0x000000d8   Code   RO          309    i.bsp_button_event_handler  bsp.o
    0x0001d3a8   0x0000005c   Code   RO          314    i.bsp_event_to_button_action_assign  bsp.o
    0x0001d404   0x00000024   Code   RO          315    i.bsp_indication_set  bsp.o
    0x0001d428   0x000000d4   Code   RO          317    i.bsp_init          bsp.o
    0x0001d4fc   0x000004ec   Code   RO          318    i.bsp_led_indication  bsp.o
    0x0001d9e8   0x0000000e   Code   RO          320    i.button_timer_handler  bsp.o
    0x0001d9f6   0x00000002   PAD
    0x0001d9f8   0x00000060   Code   RO          902    i.cccd_configure    ble_uart_c.o
    0x0001da58   0x00000020   Code   RO         1482    i.channel_free      nrf_drv_gpiote.o
    0x0001da78   0x00000010   Code   RO         1483    i.channel_handler_get  nrf_drv_gpiote.o
    0x0001da88   0x00000078   Code   RO         1484    i.channel_port_alloc  nrf_drv_gpiote.o
    0x0001db00   0x0000000c   Code   RO         1485    i.channel_port_get  nrf_drv_gpiote.o
    0x0001db0c   0x00000050   Code   RO          447    i.characteristics_discover  ble_db_discovery.o
    0x0001db5c   0x00000114   Code   RO         1154    i.clear_operation_execute  pstorage.o
    0x0001dc70   0x00000028   Code   RO         1155    i.clear_post_processing_run  pstorage.o
    0x0001dc98   0x00000048   Code   RO         1156    i.cmd_process       pstorage.o
    0x0001dce0   0x00000014   Code   RO         1157    i.cmd_queue_dequeue  pstorage.o
    0x0001dcf4   0x0000003c   Code   RO         1158    i.cmd_queue_element_init  pstorage.o
    0x0001dd30   0x00000084   Code   RO         1159    i.cmd_queue_enqueue  pstorage.o
    0x0001ddb4   0x00000020   Code   RO         1160    i.cmd_queue_init    pstorage.o
    0x0001ddd4   0x00000028   Code   RO         1161    i.command_end_procedure_run  pstorage.o
    0x0001ddfc   0x0000002c   Code   RO         1162    i.command_queue_element_consume  pstorage.o
    0x0001de28   0x00000090   Code   RO         1863    i.compare_reg_update  app_timer.o
    0x0001deb8   0x00000048   Code   RO          618    i.connection_instance_find  device_manager_central.o
    0x0001df00   0x00000038   Code   RO          619    i.connection_instance_init  device_manager_central.o
    0x0001df38   0x0000005c   Code   RO         1864    i.current_int_priority_get  app_timer.o
    0x0001df94   0x00000084   Code   RO         1163    i.data_page_erase_state_run  pstorage.o
    0x0001e018   0x00000038   Code   RO         1164    i.data_to_swap_write_state_run  pstorage.o
    0x0001e050   0x000000dc   Code   RO          903    i.db_discover_evt_handler  ble_uart_c.o
    0x0001e12c   0x00000038   Code   RO            7    i.db_discovery_init  main.o
    0x0001e164   0x000000b2   Code   RO          448    i.descriptors_discover  ble_db_discovery.o
    0x0001e216   0x00000002   PAD
    0x0001e218   0x0000008c   Code   RO         1738    i.detection_delay_timeout_handler  app_button.o
    0x0001e2a4   0x000000d0   Code   RO          620    i.device_context_store  device_manager_central.o
    0x0001e374   0x0000007c   Code   RO          621    i.device_instance_allocate  device_manager_central.o
    0x0001e3f0   0x0000003c   Code   RO          622    i.device_instance_find  device_manager_central.o
    0x0001e42c   0x00000178   Code   RO            8    i.device_manager_event_handler  main.o
    0x0001e5a4   0x000000ec   Code   RO            9    i.device_manager_init  main.o
    0x0001e690   0x000000a4   Code   RO          449    i.discovery_complete_evt_trigger  ble_db_discovery.o
    0x0001e734   0x00000088   Code   RO          450    i.discovery_error_evt_trigger  ble_db_discovery.o
    0x0001e7bc   0x00000570   Code   RO          628    i.dm_ble_evt_handler  device_manager_central.o
    0x0001ed2c   0x0000001c   Code   RO          633    i.dm_handle_initialize  device_manager_central.o
    0x0001ed48   0x00000100   Code   RO          634    i.dm_init           device_manager_central.o
    0x0001ee48   0x0000024c   Code   RO          637    i.dm_pstorage_cb_handler  device_manager_central.o
    0x0001f094   0x00000074   Code   RO          638    i.dm_register       device_manager_central.o
    0x0001f108   0x0000015c   Code   RO          639    i.dm_security_setup_req  device_manager_central.o
    0x0001f264   0x00000114   Code   RO          644    i.dm_whitelist_create  device_manager_central.o
    0x0001f378   0x00000064   Code   RO         1865    i.elapsed_ticks_acquire  app_timer.o
    0x0001f3dc   0x00000044   Code   RO         1165    i.erase_sub_state_sm_run  pstorage.o
    0x0001f420   0x0000006c   Code   RO         1866    i.expired_timers_handler  app_timer.o
    0x0001f48c   0x0000000a   Code   RO          971    i.fifo_length       app_uart_fifo.o
    0x0001f496   0x0000000a   Code   RO         1816    i.fifo_length       app_fifo.o
    0x0001f4a0   0x00000030   Code   RO         1166    i.flash_api_err_code_process  pstorage.o
    0x0001f4d0   0x00000040   Code   RO         1167    i.flash_operation_failure_run  pstorage.o
    0x0001f510   0x00000030   Code   RO         1168    i.flash_operation_success_run  pstorage.o
    0x0001f540   0x00000010   Code   RO         1169    i.flash_page_erase  pstorage.o
    0x0001f550   0x00000018   Code   RO         1170    i.flash_write       pstorage.o
    0x0001f568   0x00000010   Code   RO         2089    i.fputc             retarget.o
    0x0001f578   0x00000006   Code   RO          645    i.gattc_context_apply  device_manager_central.o
    0x0001f57e   0x00000006   Code   RO          646    i.gattc_context_load  device_manager_central.o
    0x0001f584   0x00000006   Code   RO          647    i.gattc_context_store  device_manager_central.o
    0x0001f58a   0x00000002   PAD
    0x0001f58c   0x00000084   Code   RO          648    i.gatts_context_apply  device_manager_central.o
    0x0001f610   0x00000044   Code   RO          649    i.gatts_context_load  device_manager_central.o
    0x0001f654   0x000000c4   Code   RO          650    i.gatts_context_store  device_manager_central.o
    0x0001f718   0x0000001a   Code   RO          651    i.gattsc_context_apply  device_manager_central.o
    0x0001f732   0x0000001e   Code   RO          652    i.gattsc_context_load  device_manager_central.o
    0x0001f750   0x0000001e   Code   RO          653    i.gattsc_context_store  device_manager_central.o
    0x0001f76e   0x00000002   PAD
    0x0001f770   0x00000080   Code   RO         1739    i.gpiote_event_handler  app_button.o
    0x0001f7f0   0x00000020   Code   RO          972    i.gpiote_uart_event_handler  app_uart_fifo.o
    0x0001f810   0x00000070   Code   RO         1171    i.head_restore_state_run  pstorage.o
    0x0001f880   0x00000084   Code   RO          654    i.initiate_security_request  device_manager_central.o
    0x0001f904   0x000000c0   Code   RO         2122    i.intern_softdevice_events_execute  softdevice_handler.o
    0x0001f9c4   0x0000001e   Code   RO          451    i.is_char_discovery_reqd  ble_db_discovery.o
    0x0001f9e2   0x00000054   Code   RO          452    i.is_desc_discovery_reqd  ble_db_discovery.o
    0x0001fa36   0x00000002   PAD
    0x0001fa38   0x00000038   Code   RO         2198    i.is_disabled_in_debug_needed  system_nrf51.o
    0x0001fa70   0x0000006c   Code   RO         2199    i.is_manual_peripheral_setup_needed  system_nrf51.o
    0x0001fadc   0x00000058   Code   RO         1172    i.is_page_erase_required  pstorage.o
    0x0001fb34   0x00000050   Code   RO         1173    i.is_tail_data_page_swap_required  pstorage.o
    0x0001fb84   0x00000012   Code   RO         1174    i.is_word_aligned   pstorage.o
    0x0001fb96   0x00000016   Code   RO           10    i.leds_init         main.o
    0x0001fbac   0x00000024   Code   RO          321    i.leds_timer_handler  bsp.o
    0x0001fbd0   0x000000c0   Code   RO         1867    i.list_deletions_handler  app_timer.o
    0x0001fc90   0x00000130   Code   RO         1868    i.list_insertions_handler  app_timer.o
    0x0001fdc0   0x000000b0   Code   RO           11    i.main              main.o
    0x0001fe70   0x00000020   Code   RO         1175    i.main_state_err_busy_process  pstorage.o
    0x0001fe90   0x00000006   Code   RO          655    i.no_service_context_apply  device_manager_central.o
    0x0001fe96   0x00000006   Code   RO          656    i.no_service_context_load  device_manager_central.o
    0x0001fe9c   0x00000006   Code   RO          657    i.no_service_context_store  device_manager_central.o
    0x0001fea2   0x00000002   PAD
    0x0001fea4   0x00000038   Code   RO         1710    i.nrf_drv_common_irq_enable  nrf_drv_common.o
    0x0001fedc   0x000000c8   Code   RO         1488    i.nrf_drv_gpiote_in_event_enable  nrf_drv_gpiote.o
    0x0001ffa4   0x000000f4   Code   RO         1489    i.nrf_drv_gpiote_in_init  nrf_drv_gpiote.o
    0x00020098   0x00000020   Code   RO         1490    i.nrf_drv_gpiote_in_is_set  nrf_drv_gpiote.o
    0x000200b8   0x00000050   Code   RO         1492    i.nrf_drv_gpiote_init  nrf_drv_gpiote.o
    0x00020108   0x00000014   Code   RO         1493    i.nrf_drv_gpiote_is_init  nrf_drv_gpiote.o
    0x0002011c   0x000000f0   Code   RO         1495    i.nrf_drv_gpiote_out_init  nrf_drv_gpiote.o
    0x0002020c   0x00000012   Code   RO           12    i.nrf_gpio_cfg_output  main.o
    0x0002021e   0x00000046   Code   RO         1506    i.nrf_gpio_cfg_sense_set  nrf_drv_gpiote.o
    0x00020264   0x00000010   Code   RO           13    i.nrf_gpio_pin_clear  main.o
    0x00020274   0x00000010   Code   RO         1507    i.nrf_gpio_pin_clear  nrf_drv_gpiote.o
    0x00020284   0x00000010   Code   RO           14    i.nrf_gpio_pin_set  main.o
    0x00020294   0x00000010   Code   RO         1508    i.nrf_gpio_pin_set  nrf_drv_gpiote.o
    0x000202a4   0x0000000c   Code   RO         1509    i.nrf_gpiote_event_addr_get  nrf_drv_gpiote.o
    0x000202b0   0x00000010   Code   RO         1510    i.nrf_gpiote_event_clear  nrf_drv_gpiote.o
    0x000202c0   0x00000016   Code   RO         1511    i.nrf_gpiote_event_is_set  nrf_drv_gpiote.o
    0x000202d6   0x00000002   PAD
    0x000202d8   0x0000000c   Code   RO         1512    i.nrf_gpiote_int_enable  nrf_drv_gpiote.o
    0x000202e4   0x00000150   Code   RO           15    i.on_ble_evt        main.o
    0x00020434   0x00000116   Code   RO          453    i.on_characteristic_discovery_rsp  ble_db_discovery.o
    0x0002054a   0x00000002   PAD
    0x0002054c   0x00000028   Code   RO          973    i.on_cts_high       app_uart_fifo.o
    0x00020574   0x00000054   Code   RO          974    i.on_cts_low        app_uart_fifo.o
    0x000205c8   0x000000b8   Code   RO          454    i.on_descriptor_discovery_rsp  ble_db_discovery.o
    0x00020680   0x00000038   Code   RO          904    i.on_hvx            ble_uart_c.o
    0x000206b8   0x00000058   Code   RO          455    i.on_primary_srv_discovery_rsp  ble_db_discovery.o
    0x00020710   0x00000084   Code   RO          456    i.on_srv_disc_completion  ble_db_discovery.o
    0x00020794   0x00000030   Code   RO           16    i.on_sys_evt        main.o
    0x000207c4   0x0000002c   Code   RO          975    i.on_tx_ready       app_uart_fifo.o
    0x000207f0   0x00000008   Code   RO          976    i.on_uart_close     app_uart_fifo.o
    0x000207f8   0x00000036   Code   RO          977    i.on_uart_event     app_uart_fifo.o
    0x0002082e   0x00000002   PAD
    0x00020830   0x00000014   Code   RO          978    i.on_uart_put       app_uart_fifo.o
    0x00020844   0x0000000c   Code   RO          905    i.on_write_rsp      ble_uart_c.o
    0x00020850   0x00000054   Code   RO          658    i.peer_instance_init  device_manager_central.o
    0x000208a4   0x00000038   Code   RO          457    i.pending_user_evts_send  ble_db_discovery.o
    0x000208dc   0x0000001c   Code   RO         1513    i.pin_in_use_by_gpiote  nrf_drv_gpiote.o
    0x000208f8   0x00000018   Code   RO         1514    i.pin_in_use_by_port  nrf_drv_gpiote.o
    0x00020910   0x00000020   Code   RO         1515    i.pin_in_use_by_te  nrf_drv_gpiote.o
    0x00020930   0x00000010   Code   RO         1516    i.pin_in_use_clear  nrf_drv_gpiote.o
    0x00020940   0x00000034   Code   RO           17    i.power_manage      main.o
    0x00020974   0x00000030   Code   RO         1176    i.pstorage_access_status_get  pstorage.o
    0x000209a4   0x000000a4   Code   RO         1177    i.pstorage_block_identifier_get  pstorage.o
    0x00020a48   0x00000118   Code   RO         1178    i.pstorage_clear    pstorage.o
    0x00020b60   0x00000028   Code   RO         1179    i.pstorage_flash_page_end  pstorage.o
    0x00020b88   0x0000000a   Code   RO         1180    i.pstorage_flash_page_size  pstorage.o
    0x00020b92   0x00000002   PAD
    0x00020b94   0x00000088   Code   RO         1181    i.pstorage_init     pstorage.o
    0x00020c1c   0x000000fc   Code   RO         1182    i.pstorage_load     pstorage.o
    0x00020d18   0x00000118   Code   RO         1183    i.pstorage_register  pstorage.o
    0x00020e30   0x000000e0   Code   RO         1184    i.pstorage_store    pstorage.o
    0x00020f10   0x0000004c   Code   RO         1185    i.pstorage_sys_event_handler  pstorage.o
    0x00020f5c   0x000000e0   Code   RO         1186    i.pstorage_update   pstorage.o
    0x0002103c   0x00000040   Code   RO          458    i.registered_handler_get  ble_db_discovery.o
    0x0002107c   0x00000044   Code   RO          459    i.registered_handler_set  ble_db_discovery.o
    0x000210c0   0x0000000c   Code   RO         1869    i.rtc1_counter_get  app_timer.o
    0x000210cc   0x00000018   Code   RO         1870    i.rtc1_init         app_timer.o
    0x000210e4   0x0000003c   Code   RO         1871    i.rtc1_start        app_timer.o
    0x00021120   0x00000058   Code   RO         1872    i.rtc1_stop         app_timer.o
    0x00021178   0x0000012c   Code   RO           18    i.scan_start        main.o
    0x000212a4   0x00000014   Code   RO         1187    i.sm_state_change   pstorage.o
    0x000212b8   0x00000012   Code   RO         2123    i.softdevice_assertion_handler  softdevice_handler.o
    0x000212ca   0x00000002   PAD
    0x000212cc   0x00000018   Code   RO         2124    i.softdevice_ble_evt_handler_set  softdevice_handler.o
    0x000212e4   0x00000068   Code   RO         2125    i.softdevice_handler_init  softdevice_handler.o
    0x0002134c   0x00000018   Code   RO         2127    i.softdevice_sys_evt_handler_set  softdevice_handler.o
    0x00021364   0x00000010   Code   RO         1188    i.state_data_erase_entry_run  pstorage.o
    0x00021374   0x00000098   Code   RO         1189    i.state_data_erase_swap_entry_run  pstorage.o
    0x0002140c   0x0000003c   Code   RO         1190    i.state_entry_action_run  pstorage.o
    0x00021448   0x00000010   Code   RO         1191    i.state_erase_data_page_entry_run  pstorage.o
    0x00021458   0x0000001c   Code   RO         1192    i.state_idle_entry_run  pstorage.o
    0x00021474   0x00000034   Code   RO         1193    i.state_restore_head_entry_run  pstorage.o
    0x000214a8   0x00000054   Code   RO         1194    i.state_restore_tail_entry_run  pstorage.o
    0x000214fc   0x00000008   Code   RO         1195    i.state_store_entry_run  pstorage.o
    0x00021504   0x00000026   Code   RO         1196    i.state_swap_erase_entry_run  pstorage.o
    0x0002152a   0x00000002   PAD
    0x0002152c   0x00000034   Code   RO         1197    i.state_write_data_swap_entry_run  pstorage.o
    0x00021560   0x00000008   Code   RO          659    i.storage_operation_dummy_handler  device_manager_central.o
    0x00021568   0x00000064   Code   RO         1198    i.store_cmd_flash_write_execute  pstorage.o
    0x000215cc   0x0000000a   Code   RO         1199    i.store_operation_execute  pstorage.o
    0x000215d6   0x00000002   PAD
    0x000215d8   0x0000004c   Code   RO         1200    i.store_sub_state_sm_run  pstorage.o
    0x00021624   0x00000020   Code   RO         1201    i.swap_erase_state_run  pstorage.o
    0x00021644   0x00000008   Code   RO         1202    i.swap_sub_sm_exit_action_run  pstorage.o
    0x0002164c   0x00000018   Code   RO         1203    i.swap_sub_state_entry_action_run  pstorage.o
    0x00021664   0x00000020   Code   RO         1204    i.swap_sub_state_err_busy_process  pstorage.o
    0x00021684   0x00000018   Code   RO         1205    i.swap_sub_state_sm_run  pstorage.o
    0x0002169c   0x00000014   Code   RO         1206    i.swap_sub_state_state_change  pstorage.o
    0x000216b0   0x00000012   Code   RO           19    i.sys_evt_dispatch  main.o
    0x000216c2   0x00000002   PAD
    0x000216c4   0x00000020   Code   RO         1207    i.tail_restore_state_run  pstorage.o
    0x000216e4   0x00000058   Code   RO         1208    i.tail_word_size_calculate  pstorage.o
    0x0002173c   0x0000000a   Code   RO         1873    i.ticks_diff_get    app_timer.o
    0x00021746   0x00000002   PAD
    0x00021748   0x0000007c   Code   RO         1874    i.timeout_handler_exec  app_timer.o
    0x000217c4   0x00000058   Code   RO         1875    i.timer_list_handler  app_timer.o
    0x0002181c   0x0000000a   Code   RO         1876    i.timer_list_handler_sched  app_timer.o
    0x00021826   0x00000002   PAD
    0x00021828   0x000000dc   Code   RO         1877    i.timer_list_insert  app_timer.o
    0x00021904   0x000000cc   Code   RO         1878    i.timer_list_remove  app_timer.o
    0x000219d0   0x00000054   Code   RO         1879    i.timer_start_op_schedule  app_timer.o
    0x00021a24   0x00000040   Code   RO         1881    i.timer_stop_op_schedule  app_timer.o
    0x00021a64   0x0000009c   Code   RO         1882    i.timer_timeouts_check  app_timer.o
    0x00021b00   0x0000000a   Code   RO         1883    i.timer_timeouts_check_sched  app_timer.o
    0x00021b0a   0x00000002   PAD
    0x00021b0c   0x00000048   Code   RO           20    i.timers_init       main.o
    0x00021b54   0x0000008c   Code   RO          906    i.tx_buffer_process  ble_uart_c.o
    0x00021be0   0x00000090   Code   RO           21    i.uart_c_evt_handler  main.o
    0x00021c70   0x00000048   Code   RO           22    i.uart_c_init       main.o
    0x00021cb8   0x000000bc   Code   RO           23    i.uart_event_handle  main.o
    0x00021d74   0x0000007c   Code   RO           24    i.uart_init         main.o
    0x00021df0   0x00000040   Code   RO          979    i.uart_no_flow_control_init  app_uart_fifo.o
    0x00021e30   0x00000040   Code   RO          980    i.uart_standard_flow_control_init  app_uart_fifo.o
    0x00021e70   0x00000008   Code   RO         1209    i.update_operation_execute  pstorage.o
    0x00021e78   0x00000014   Code   RO          660    i.update_status_bit_reset  device_manager_central.o
    0x00021e8c   0x00000022   Code   RO         1884    i.user_id_get       app_timer.o
    0x00021eae   0x0000002c   Code   RO         1885    i.user_op_alloc     app_timer.o
    0x00021eda   0x00000004   Code   RO         1886    i.user_op_enque     app_timer.o
    0x00021ede   0x00000002   PAD
    0x00021ee0   0x00000014   Data   RO           26    .constdata          main.o
    0x00021ef4   0x00000030   Data   RO          323    .constdata          bsp.o
    0x00021f24   0x00000034   Data   RO          662    .constdata          device_manager_central.o
    0x00021f58   0x00000010   Data   RO          908    .constdata          ble_uart_c.o
    0x00021f68   0x00000008   Data   RO          982    .constdata          app_uart_fifo.o
    0x00021f70   0x00000028   Data   RO         1211    .constdata          pstorage.o
    0x00021f98   0x00000004   Data   RO         1740    .constdata          app_button.o
    0x00021f9c   0x00000049   Data   RO          663    .conststring        device_manager_central.o
    0x00021fe5   0x00000003   PAD
    0x00021fe8   0x00000057   Data   RO         2128    .conststring        softdevice_handler.o
    0x0002203f   0x00000001   PAD
    0x00022040   0x00000020   Data   RO         2553    Region$$Table       anon$$obj.o


    Execution Region RW_IRAM1 (Base: 0x20002800, Size: 0x00001418, Max: 0x00005800, ABSOLUTE)

    Base Addr    Size         Type   Attr      Idx    E Section Name        Object

    0x20002800   0x00000019   Data   RW           27    .data               main.o
    0x20002819   0x00000003   PAD
    0x2000281c   0x00000021   Data   RW          324    .data               bsp.o
    0x2000283d   0x00000003   PAD
    0x20002840   0x0000000d   Data   RW          461    .data               ble_db_discovery.o
    0x2000284d   0x00000003   PAD
    0x20002850   0x0000000d   Data   RW          664    .data               device_manager_central.o
    0x2000285d   0x00000003   PAD
    0x20002860   0x00000010   Data   RW          909    .data               ble_uart_c.o
    0x20002870   0x00000009   Data   RW          983    .data               app_uart_fifo.o
    0x20002879   0x00000003   PAD
    0x2000287c   0x00000028   Data   RW         1212    .data               pstorage.o
    0x200028a4   0x00000018   Data   RW         1741    .data               app_button.o
    0x200028bc   0x0000000c   Data   RW         1792    .data               app_error.o
    0x200028c8   0x0000002a   Data   RW         1887    .data               app_timer.o
    0x200028f2   0x00000002   PAD
    0x200028f4   0x00000008   Data   RW         2090    .data               retarget.o
    0x200028fc   0x00000018   Data   RW         2129    .data               softdevice_handler.o
    0x20002914   0x00000004   Data   RW         2200    .data               system_nrf51.o
    0x20002918   0x000006ec   Zero   RW           25    .bss                main.o
    0x20003004   0x0000000c   Zero   RW          322    .bss                bsp.o
    0x20003010   0x00000080   Zero   RW          460    .bss                ble_db_discovery.o
    0x20003090   0x0000011b   Zero   RW          661    .bss                device_manager_central.o
    0x200031ab   0x00000001   PAD
    0x200031ac   0x00000120   Zero   RW          907    .bss                ble_uart_c.o
    0x200032cc   0x00000020   Zero   RW          981    .bss                app_uart_fifo.o
    0x200032ec   0x000000e4   Zero   RW         1210    .bss                pstorage.o
    0x200033d0   0x00000048   Zero   RW         1517    .bss                nrf_drv_gpiote.o
    0x20003418   0x00000800   Zero   RW         2187    STACK               arm_startup_nrf51.o


==============================================================================

Image component sizes


      Code (inc. data)   RO Data    RW Data    ZI Data      Debug   Object Name

       476         78          4         24          0       6242   app_button.o
        60         12          0         12          0       1656   app_error.o
       136          0          0          0          0       3170   app_fifo.o
      2966        378          0         42          0      33875   app_timer.o
      1380        200          8          9         32      30306   app_uart_fifo.o
        56         18        192          0       2048        672   arm_startup_nrf51.o
      1914        124          0         13        128      46127   ble_db_discovery.o
       838         64         16         16        288       7101   ble_uart_c.o
      1930        156         48         33         12      29696   bsp.o
      4314        328        125         13        283      33078   device_manager_central.o
      2554        516         20         25       1772      68206   main.o
       176         18          0          0          0       1404   nrf_drv_common.o
      1656        144          0          0         72      25538   nrf_drv_gpiote.o
      4300        438         40         40        228      42294   pstorage.o
        16          0          0          8          0       2722   retarget.o
       422         64         87         24          0       9128   softdevice_handler.o
       220         26          0          4          0       1887   system_nrf51.o

    ----------------------------------------------------------------------
     23456       2564        576        280       4864     343102   Object Totals
         0          0         32          0          0          0   (incl. Generated)
        42          0          4         17          1          0   (incl. Padding)

    ----------------------------------------------------------------------

      Code (inc. data)   RO Data    RW Data    ZI Data      Debug   Library Member Name

         0          0          0          0          0          0   entry.o
         0          0          0          0          0          0   entry10a.o
         0          0          0          0          0          0   entry11a.o
         8          4          0          0          0          0   entry2.o
         4          0          0          0          0          0   entry5.o
         0          0          0          0          0          0   entry7b.o
         0          0          0          0          0          0   entry8b.o
         8          4          0          0          0          0   entry9a.o
        30          0          0          0          0          0   handlers.o
        40          0          0          0          0         72   idiv.o
        36          8          0          0          0         68   init.o
        26          0          0          0          0         72   memcmp.o
        36          0          0          0          0         60   memcpya.o
        36          0          0          0          0        100   memseta.o
       368         12          0          0          0        168   printf1.o
        44          0          0          0          0         72   uidiv.o

    ----------------------------------------------------------------------
       640         28          0          0          0        612   Library Totals
         4          0          0          0          0          0   (incl. Padding)

    ----------------------------------------------------------------------

      Code (inc. data)   RO Data    RW Data    ZI Data      Debug   Library Name

       636         28          0          0          0        612   mc_p.l

    ----------------------------------------------------------------------
       640         28          0          0          0        612   Library Totals

    ----------------------------------------------------------------------

==============================================================================


      Code (inc. data)   RO Data    RW Data    ZI Data      Debug   

     24096       2592        576        280       4864     333254   Grand Totals
     24096       2592        576        280       4864     333254   ELF Image Totals
     24096       2592        576        280          0          0   ROM Totals

==============================================================================

    Total RO  Size (Code + RO Data)                24672 (  24.09kB)
    Total RW  Size (RW Data + ZI Data)              5144 (   5.02kB)
    Total ROM Size (Code + RO Data + RW Data)      24952 (  24.37kB)

==============================================================================

